2026-05-18 09:05:37.548 | INFO     | app.main:startup:95 - 🚀 UU AI Assistant v1.0.0 starting...
2026-05-18 09:05:44.025 | WARNING  | app.services.qdrant_service:health_check:38 - [QDRANT] Health check failed: [WinError 10061] No connection could be made because the target machine actively refused it
2026-05-18 09:05:44.026 | WARNING  | app.main:startup:104 - ⚠️  Qdrant tidak tersedia: [WinError 10061] No connection could be made because the target machine actively refused it (service tetap berjalan)
2026-05-18 09:05:44.027 | INFO     | app.main:shutdown:109 - 👋 Service shutdown
2026-05-18 09:05:59.911 | INFO     | app.main:startup:95 - 🚀 UU AI Assistant v1.0.0 starting...
2026-05-18 09:06:05.004 | WARNING  | app.services.qdrant_service:health_check:38 - [QDRANT] Health check failed: [WinError 10061] No connection could be made because the target machine actively refused it
2026-05-18 09:06:05.005 | WARNING  | app.main:startup:104 - ⚠️  Qdrant tidak tersedia: [WinError 10061] No connection could be made because the target machine actively refused it (service tetap berjalan)
2026-05-18 09:06:48.524 | INFO     | app.services.cleaning_service:clean_from_bytes:69 - [CLEANING] Memulai cleaning: UUD45 ASLI.pdf (88,588 bytes)
2026-05-18 09:06:48.595 | INFO     | app.services.cleaning_service:clean_from_bytes:80 - [CLEANING] Diekstrak 18 halaman
2026-05-18 09:06:48.600 | INFO     | app.services.cleaning_service:_remove_cross_page_artifacts:204 - [CLEANING] Header/footer dihapus: {'rakyat.', 'Pasal 1', 'Rakyat.', 'negara', 'Telah jelas.', 'dan', 'akan', 'yang'}
2026-05-18 09:06:48.606 | SUCCESS  | app.services.cleaning_service:clean_from_bytes:97 - [CLEANING] Selesai: 18 hal, 3,934 kata, metadata={}
2026-05-18 09:07:15.914 | INFO     | app.api.v1.endpoints.chunking:process_pdf:69 - [API] Process: UUD45 ASLI.pdf
2026-05-18 09:07:15.914 | INFO     | app.services.cleaning_service:clean_from_bytes:69 - [CLEANING] Memulai cleaning: UUD45 ASLI.pdf (88,588 bytes)
2026-05-18 09:07:15.949 | INFO     | app.services.cleaning_service:clean_from_bytes:80 - [CLEANING] Diekstrak 18 halaman
2026-05-18 09:07:15.953 | INFO     | app.services.cleaning_service:_remove_cross_page_artifacts:204 - [CLEANING] Header/footer dihapus: {'rakyat.', 'Pasal 1', 'Rakyat.', 'negara', 'Telah jelas.', 'dan', 'akan', 'yang'}
2026-05-18 09:07:15.959 | SUCCESS  | app.services.cleaning_service:clean_from_bytes:97 - [CLEANING] Selesai: 18 hal, 3,934 kata, metadata={}
2026-05-18 09:07:15.959 | INFO     | app.services.chunking_service:chunk:97 - [CHUNKING] Memulai hierarchical chunking: UUD45 ASLI.pdf
2026-05-18 09:07:16.022 | SUCCESS  | app.services.chunking_service:chunk:178 - [CHUNKING] Selesai: L0=1, L1=5 BAB, L2=1 Pasal, L3=0 Ayat | Total=7 chunks | Avg 121 tokens/chunk
2026-05-18 09:08:35.797 | INFO     | app.main:shutdown:109 - 👋 Service shutdown
2026-05-18 09:08:36.686 | INFO     | app.main:startup:95 - 🚀 UU AI Assistant v1.0.0 starting...
2026-05-18 09:18:27.408 | INFO     | main:startup:98 - 🚀 UU AI Assistant v1.0.0 starting...
2026-05-18 09:18:48.016 | INFO     | main:startup:98 - 🚀 UU AI Assistant v1.0.0 starting...
2026-05-18 09:20:00.106 | INFO     | main:startup:98 - 🚀 UU AI Assistant v1.0.0 starting...
2026-05-18 09:20:00.110 | INFO     | main:startup:98 - 🚀 UU AI Assistant v1.0.0 starting...
2026-05-18 09:20:05.219 | WARNING  | app.services.qdrant_service:health_check:38 - [QDRANT] Health check failed: [WinError 10061] No connection could be made because the target machine actively refused it
2026-05-18 09:20:05.219 | WARNING  | main:startup:107 - ⚠️  Qdrant tidak tersedia: [WinError 10061] No connection could be made because the target machine actively refused it (service tetap berjalan)
2026-05-18 09:20:05.235 | WARNING  | app.services.qdrant_service:health_check:38 - [QDRANT] Health check failed: [WinError 10061] No connection could be made because the target machine actively refused it
2026-05-18 09:20:05.236 | WARNING  | main:startup:107 - ⚠️  Qdrant tidak tersedia: [WinError 10061] No connection could be made because the target machine actively refused it (service tetap berjalan)
2026-05-18 09:21:58.900 | INFO     | main:shutdown:112 - 👋 Service shutdown
09:21:59 | INFO     | 🚀 UU AI Assistant v1.0.0 starting...
09:22:04 | WARNING  | ⚠️  Qdrant tidak tersedia: [WinError 10061] No connection could be made because the target machine actively refused it (service tetap berjalan)
09:22:04 | INFO     | 👋 Service shutdown
09:22:05 | INFO     | 🚀 UU AI Assistant v1.0.0 starting...
09:22:10 | WARNING  | [QDRANT] Health check failed: [WinError 10061] No connection could be made because the target machine actively refused it
09:22:10 | WARNING  | ⚠️  Qdrant tidak tersedia: [WinError 10061] No connection could be made because the target machine actively refused it (service tetap berjalan)
09:22:10 | INFO     | 👋 Service shutdown
09:22:11 | INFO     | 🚀 UU AI Assistant v1.0.0 starting...
09:22:16 | WARNING  | [QDRANT] Health check failed: [WinError 10061] No connection could be made because the target machine actively refused it
09:22:16 | WARNING  | ⚠️  Qdrant tidak tersedia: [WinError 10061] No connection could be made because the target machine actively refused it (service tetap berjalan)
09:22:16 | INFO     | 👋 Service shutdown
09:22:17 | INFO     | 🚀 UU AI Assistant v1.0.0 starting...
09:22:22 | WARNING  | [QDRANT] Health check failed: [WinError 10061] No connection could be made because the target machine actively refused it
09:22:22 | WARNING  | ⚠️  Qdrant tidak tersedia: [WinError 10061] No connection could be made because the target machine actively refused it (service tetap berjalan)
09:22:46 | INFO     | 🚀 UU AI Assistant v1.0.0 starting...
09:22:51 | WARNING  | [QDRANT] Health check failed: [WinError 10061] No connection could be made because the target machine actively refused it
09:22:51 | WARNING  | ⚠️  Qdrant tidak tersedia: [WinError 10061] No connection could be made because the target machine actively refused it (service tetap berjalan)
09:27:42 | INFO     | 👋 Service shutdown
09:27:43 | INFO     | 🚀 UU AI Assistant v1.0.0 starting...
09:27:45 | INFO     | 👋 Service shutdown
09:27:47 | INFO     | 🚀 UU AI Assistant v1.0.0 starting...
09:27:48 | WARNING  | [QDRANT] Health check failed: [WinError 10061] No connection could be made because the target machine actively refused it
09:27:48 | WARNING  | ⚠️  Qdrant tidak tersedia: [WinError 10061] No connection could be made because the target machine actively refused it (service tetap berjalan)
09:44:56 | INFO     | 🚀 UU AI Assistant v1.0.0 starting...
09:45:01 | WARNING  | [QDRANT] Health check failed: [WinError 10061] No connection could be made because the target machine actively refused it
09:45:01 | WARNING  | ⚠️  Qdrant tidak tersedia: [WinError 10061] No connection could be made because the target machine actively refused it (service tetap berjalan)
09:45:47 | INFO     | [API] Process: UUD45 ASLI.pdf
09:45:47 | INFO     | [CLEANING] Memulai cleaning: UUD45 ASLI.pdf (88,588 bytes)
09:45:47 | INFO     | [CLEANING] Diekstrak 18 halaman
09:45:47 | INFO     | [CLEANING] Header/footer dihapus: {'dan', 'yang', 'Telah jelas.', 'negara', 'akan', 'Pasal 1', 'rakyat.', 'Rakyat.'}
09:45:47 | INFO     | [CLEANING] Selesai: 18 hal, 3,934 kata, metadata={}
09:45:47 | INFO     | [CHUNKING] Mulai parent-child chunking: UUD45 ASLI.pdf
09:45:47 | INFO     | [CHUNKING] Selesai (parent-child): L0=1, L1=31 BAB, L2=49 Pasal, L3=53 Ayat | Total=134 | Avg 81 tokens/chunk
09:47:32 | INFO     | [API] Process: 99uu039.pdf
09:47:32 | INFO     | [CLEANING] Memulai cleaning: 99uu039.pdf (312,291 bytes)
09:47:32 | INFO     | [CLEANING] Diekstrak 45 halaman
09:47:32 | INFO     | [CLEANING] Header/footer dihapus: {'peraturan', 'Ayat (2)', 'PRESIDEN', 'yang', 'peraturan perundang-undangan.', 'manusia.', 'ketentuan', 'sesuai', 'Huruf b', 'dan', 'Huruf d', 'Ayat (4)', 'REPUBLIK INDONESIA', 'Indonesia', 'www.bphn.go.id', 'demi', 'Ayat (3)', 'dengan', 'Perserikatan', 'Huruf c', 'Cukup jelas', 'lembaga swadaya masyarakat, atau lembaga kemasyarakatan lainnya,', 'Huruf e', 'Setiap orang, kelompok, organisasi politik, organisasi masyarakat,', 'Komnas HAM.', 'perundang-undangan.', 'Ayat (1)', 'untuk', 'sebagaimana dimaksud dalam Pasal 76, Komnas HAM bertugas dan', 'atau', 'ketentuan peraturan perundang-undangan.', 'Huruf a', 'berbagai'}
09:47:32 | INFO     | [CLEANING] Selesai: 45 hal, 8,504 kata, metadata={'jenis': 'Undang-Undang', 'nomor': '39', 'tahun': '1999', 'tentang': 'Hak Asasi Manusia'}
09:47:32 | INFO     | [CHUNKING] Mulai parent-child chunking: 99uu039.pdf
09:47:32 | INFO     | [CHUNKING] Selesai (parent-child): L0=1, L1=14 BAB, L2=144 Pasal, L3=138 Ayat | Total=297 | Avg 91 tokens/chunk
09:50:07 | INFO     | 👋 Service shutdown
09:50:08 | INFO     | 🚀 UU AI Assistant v1.0.0 starting...
09:50:13 | WARNING  | [QDRANT] Health check failed: [WinError 10061] No connection could be made because the target machine actively refused it
09:50:13 | WARNING  | ⚠️  Qdrant tidak tersedia: [WinError 10061] No connection could be made because the target machine actively refused it (service tetap berjalan)
09:50:28 | INFO     | 👋 Service shutdown
09:50:29 | INFO     | 🚀 UU AI Assistant v1.0.0 starting...
09:50:34 | WARNING  | [QDRANT] Health check failed: [WinError 10061] No connection could be made because the target machine actively refused it
09:50:34 | WARNING  | ⚠️  Qdrant tidak tersedia: [WinError 10061] No connection could be made because the target machine actively refused it (service tetap berjalan)
09:51:09 | INFO     | 👋 Service shutdown
09:51:10 | INFO     | 🚀 UU AI Assistant v1.0.0 starting...
09:51:15 | WARNING  | [QDRANT] Health check gagal: [WinError 10061] No connection could be made because the target machine actively refused it
09:51:15 | WARNING  | ⚠️  Qdrant tidak tersedia: [WinError 10061] No connection could be made because the target machine actively refused it (service tetap berjalan)
09:52:13 | INFO     | 👋 Service shutdown
09:52:14 | INFO     | 🚀 UU AI Assistant v1.0.0 starting...
09:52:19 | WARNING  | [QDRANT] Health check gagal: [WinError 10061] No connection could be made because the target machine actively refused it
09:52:19 | WARNING  | ⚠️  Qdrant tidak tersedia: [WinError 10061] No connection could be made because the target machine actively refused it (service tetap berjalan)
09:52:30 | INFO     | 👋 Service shutdown
09:52:31 | INFO     | 🚀 UU AI Assistant v1.0.0 starting...
09:52:36 | WARNING  | [QDRANT] Health check gagal: [WinError 10061] No connection could be made because the target machine actively refused it
09:52:36 | WARNING  | ⚠️  Qdrant tidak tersedia: [WinError 10061] No connection could be made because the target machine actively refused it (service tetap berjalan)
09:53:16 | INFO     | [EMBEDDING] Memuat model: paraphrase-multilingual-MiniLM-L12-v2 (device=cpu)
09:53:16 | INFO     | HTTP Request: HEAD https://huggingface.co/sentence-transformers/paraphrase-multilingual-MiniLM-L12-v2/resolve/main/modules.json "HTTP/1.1 307 Temporary Redirect"
09:53:16 | INFO     | HTTP Request: HEAD https://huggingface.co/api/resolve-cache/models/sentence-transformers/paraphrase-multilingual-MiniLM-L12-v2/e8f8c211226b894fcb81acc59f3b34ba3efd5f42/modules.json "HTTP/1.1 200 OK"
09:53:16 | INFO     | HTTP Request: GET https://huggingface.co/api/resolve-cache/models/sentence-transformers/paraphrase-multilingual-MiniLM-L12-v2/e8f8c211226b894fcb81acc59f3b34ba3efd5f42/modules.json "HTTP/1.1 200 OK"
09:53:16 | INFO     | HTTP Request: HEAD https://huggingface.co/sentence-transformers/paraphrase-multilingual-MiniLM-L12-v2/resolve/main/config_sentence_transformers.json "HTTP/1.1 307 Temporary Redirect"
09:53:16 | WARNING  | Warning: You are sending unauthenticated requests to the HF Hub. Please set a HF_TOKEN to enable higher rate limits and faster downloads.
09:53:16 | INFO     | HTTP Request: HEAD https://huggingface.co/api/resolve-cache/models/sentence-transformers/paraphrase-multilingual-MiniLM-L12-v2/e8f8c211226b894fcb81acc59f3b34ba3efd5f42/config_sentence_transformers.json "HTTP/1.1 200 OK"
09:53:16 | INFO     | HTTP Request: GET https://huggingface.co/api/resolve-cache/models/sentence-transformers/paraphrase-multilingual-MiniLM-L12-v2/e8f8c211226b894fcb81acc59f3b34ba3efd5f42/config_sentence_transformers.json "HTTP/1.1 200 OK"
09:53:16 | INFO     | Loading SentenceTransformer model from sentence-transformers/paraphrase-multilingual-MiniLM-L12-v2.
09:53:17 | INFO     | HTTP Request: HEAD https://huggingface.co/sentence-transformers/paraphrase-multilingual-MiniLM-L12-v2/resolve/main/config_sentence_transformers.json "HTTP/1.1 307 Temporary Redirect"
09:53:17 | INFO     | HTTP Request: HEAD https://huggingface.co/api/resolve-cache/models/sentence-transformers/paraphrase-multilingual-MiniLM-L12-v2/e8f8c211226b894fcb81acc59f3b34ba3efd5f42/config_sentence_transformers.json "HTTP/1.1 200 OK"
09:53:17 | INFO     | HTTP Request: HEAD https://huggingface.co/sentence-transformers/paraphrase-multilingual-MiniLM-L12-v2/resolve/main/README.md "HTTP/1.1 307 Temporary Redirect"
09:53:17 | INFO     | HTTP Request: HEAD https://huggingface.co/api/resolve-cache/models/sentence-transformers/paraphrase-multilingual-MiniLM-L12-v2/e8f8c211226b894fcb81acc59f3b34ba3efd5f42/README.md "HTTP/1.1 200 OK"
09:53:17 | INFO     | HTTP Request: GET https://huggingface.co/api/resolve-cache/models/sentence-transformers/paraphrase-multilingual-MiniLM-L12-v2/e8f8c211226b894fcb81acc59f3b34ba3efd5f42/README.md "HTTP/1.1 200 OK"
09:53:17 | INFO     | HTTP Request: HEAD https://huggingface.co/sentence-transformers/paraphrase-multilingual-MiniLM-L12-v2/resolve/main/modules.json "HTTP/1.1 307 Temporary Redirect"
09:53:17 | INFO     | HTTP Request: HEAD https://huggingface.co/api/resolve-cache/models/sentence-transformers/paraphrase-multilingual-MiniLM-L12-v2/e8f8c211226b894fcb81acc59f3b34ba3efd5f42/modules.json "HTTP/1.1 200 OK"
09:53:18 | INFO     | HTTP Request: HEAD https://huggingface.co/sentence-transformers/paraphrase-multilingual-MiniLM-L12-v2/resolve/main/sentence_bert_config.json "HTTP/1.1 307 Temporary Redirect"
09:53:18 | INFO     | HTTP Request: HEAD https://huggingface.co/api/resolve-cache/models/sentence-transformers/paraphrase-multilingual-MiniLM-L12-v2/e8f8c211226b894fcb81acc59f3b34ba3efd5f42/sentence_bert_config.json "HTTP/1.1 200 OK"
09:53:18 | INFO     | HTTP Request: GET https://huggingface.co/api/resolve-cache/models/sentence-transformers/paraphrase-multilingual-MiniLM-L12-v2/e8f8c211226b894fcb81acc59f3b34ba3efd5f42/sentence_bert_config.json "HTTP/1.1 200 OK"
09:53:18 | INFO     | HTTP Request: HEAD https://huggingface.co/sentence-transformers/paraphrase-multilingual-MiniLM-L12-v2/resolve/main/adapter_config.json "HTTP/1.1 404 Not Found"
09:53:18 | INFO     | HTTP Request: HEAD https://huggingface.co/sentence-transformers/paraphrase-multilingual-MiniLM-L12-v2/resolve/main/config.json "HTTP/1.1 307 Temporary Redirect"
09:53:18 | INFO     | HTTP Request: HEAD https://huggingface.co/api/resolve-cache/models/sentence-transformers/paraphrase-multilingual-MiniLM-L12-v2/e8f8c211226b894fcb81acc59f3b34ba3efd5f42/config.json "HTTP/1.1 200 OK"
09:53:18 | INFO     | HTTP Request: GET https://huggingface.co/api/resolve-cache/models/sentence-transformers/paraphrase-multilingual-MiniLM-L12-v2/e8f8c211226b894fcb81acc59f3b34ba3efd5f42/config.json "HTTP/1.1 200 OK"
09:53:19 | INFO     | HTTP Request: HEAD https://huggingface.co/sentence-transformers/paraphrase-multilingual-MiniLM-L12-v2/resolve/main/model.safetensors "HTTP/1.1 302 Found"
09:53:19 | INFO     | HTTP Request: GET https://huggingface.co/api/models/sentence-transformers/paraphrase-multilingual-MiniLM-L12-v2/xet-read-token/e8f8c211226b894fcb81acc59f3b34ba3efd5f42 "HTTP/1.1 200 OK"
09:53:59 | INFO     | HTTP Request: HEAD https://huggingface.co/sentence-transformers/paraphrase-multilingual-MiniLM-L12-v2/resolve/main/processor_config.json "HTTP/1.1 404 Not Found"
09:54:00 | INFO     | HTTP Request: HEAD https://huggingface.co/sentence-transformers/paraphrase-multilingual-MiniLM-L12-v2/resolve/main/preprocessor_config.json "HTTP/1.1 404 Not Found"
09:54:00 | INFO     | HTTP Request: HEAD https://huggingface.co/sentence-transformers/paraphrase-multilingual-MiniLM-L12-v2/resolve/main/video_preprocessor_config.json "HTTP/1.1 404 Not Found"
09:54:00 | INFO     | HTTP Request: HEAD https://huggingface.co/sentence-transformers/paraphrase-multilingual-MiniLM-L12-v2/resolve/main/preprocessor_config.json "HTTP/1.1 404 Not Found"
09:54:00 | INFO     | HTTP Request: HEAD https://huggingface.co/sentence-transformers/paraphrase-multilingual-MiniLM-L12-v2/resolve/main/tokenizer_config.json "HTTP/1.1 307 Temporary Redirect"
09:54:00 | INFO     | HTTP Request: HEAD https://huggingface.co/api/resolve-cache/models/sentence-transformers/paraphrase-multilingual-MiniLM-L12-v2/e8f8c211226b894fcb81acc59f3b34ba3efd5f42/tokenizer_config.json "HTTP/1.1 200 OK"
09:54:00 | INFO     | HTTP Request: GET https://huggingface.co/api/resolve-cache/models/sentence-transformers/paraphrase-multilingual-MiniLM-L12-v2/e8f8c211226b894fcb81acc59f3b34ba3efd5f42/tokenizer_config.json "HTTP/1.1 200 OK"
09:54:01 | INFO     | HTTP Request: HEAD https://huggingface.co/sentence-transformers/paraphrase-multilingual-MiniLM-L12-v2/resolve/main/config.json "HTTP/1.1 307 Temporary Redirect"
09:54:01 | INFO     | HTTP Request: HEAD https://huggingface.co/api/resolve-cache/models/sentence-transformers/paraphrase-multilingual-MiniLM-L12-v2/e8f8c211226b894fcb81acc59f3b34ba3efd5f42/config.json "HTTP/1.1 200 OK"
09:54:01 | INFO     | HTTP Request: HEAD https://huggingface.co/sentence-transformers/paraphrase-multilingual-MiniLM-L12-v2/resolve/main/config.json "HTTP/1.1 307 Temporary Redirect"
09:54:01 | INFO     | HTTP Request: HEAD https://huggingface.co/api/resolve-cache/models/sentence-transformers/paraphrase-multilingual-MiniLM-L12-v2/e8f8c211226b894fcb81acc59f3b34ba3efd5f42/config.json "HTTP/1.1 200 OK"
09:54:01 | INFO     | HTTP Request: HEAD https://huggingface.co/sentence-transformers/paraphrase-multilingual-MiniLM-L12-v2/resolve/main/tokenizer_config.json "HTTP/1.1 307 Temporary Redirect"
09:54:01 | INFO     | HTTP Request: HEAD https://huggingface.co/api/resolve-cache/models/sentence-transformers/paraphrase-multilingual-MiniLM-L12-v2/e8f8c211226b894fcb81acc59f3b34ba3efd5f42/tokenizer_config.json "HTTP/1.1 200 OK"
09:54:02 | INFO     | HTTP Request: HEAD https://huggingface.co/sentence-transformers/paraphrase-multilingual-MiniLM-L12-v2/resolve/main/tokenizer_config.json "HTTP/1.1 307 Temporary Redirect"
09:54:02 | INFO     | HTTP Request: HEAD https://huggingface.co/api/resolve-cache/models/sentence-transformers/paraphrase-multilingual-MiniLM-L12-v2/e8f8c211226b894fcb81acc59f3b34ba3efd5f42/tokenizer_config.json "HTTP/1.1 200 OK"
09:54:02 | INFO     | HTTP Request: GET https://huggingface.co/api/models/sentence-transformers/paraphrase-multilingual-MiniLM-L12-v2/tree/main/additional_chat_templates?recursive=false&expand=false "HTTP/1.1 404 Not Found"
09:54:02 | INFO     | HTTP Request: GET https://huggingface.co/api/models/sentence-transformers/paraphrase-multilingual-MiniLM-L12-v2/tree/main?recursive=true&expand=false "HTTP/1.1 200 OK"
09:54:02 | INFO     | HTTP Request: HEAD https://huggingface.co/sentence-transformers/paraphrase-multilingual-MiniLM-L12-v2/resolve/main/tokenizer.json "HTTP/1.1 302 Found"
09:54:04 | INFO     | HTTP Request: HEAD https://huggingface.co/sentence-transformers/paraphrase-multilingual-MiniLM-L12-v2/resolve/main/tokenizer.model "HTTP/1.1 404 Not Found"
09:54:05 | INFO     | HTTP Request: HEAD https://huggingface.co/sentence-transformers/paraphrase-multilingual-MiniLM-L12-v2/resolve/main/added_tokens.json "HTTP/1.1 404 Not Found"
09:54:05 | INFO     | HTTP Request: HEAD https://huggingface.co/sentence-transformers/paraphrase-multilingual-MiniLM-L12-v2/resolve/main/special_tokens_map.json "HTTP/1.1 307 Temporary Redirect"
09:54:05 | INFO     | HTTP Request: HEAD https://huggingface.co/api/resolve-cache/models/sentence-transformers/paraphrase-multilingual-MiniLM-L12-v2/e8f8c211226b894fcb81acc59f3b34ba3efd5f42/special_tokens_map.json "HTTP/1.1 200 OK"
09:54:05 | INFO     | HTTP Request: GET https://huggingface.co/api/resolve-cache/models/sentence-transformers/paraphrase-multilingual-MiniLM-L12-v2/e8f8c211226b894fcb81acc59f3b34ba3efd5f42/special_tokens_map.json "HTTP/1.1 200 OK"
09:54:05 | INFO     | HTTP Request: HEAD https://huggingface.co/sentence-transformers/paraphrase-multilingual-MiniLM-L12-v2/resolve/main/chat_template.jinja "HTTP/1.1 404 Not Found"
09:54:07 | INFO     | HTTP Request: GET https://huggingface.co/api/models/sentence-transformers/paraphrase-multilingual-MiniLM-L12-v2 "HTTP/1.1 200 OK"
09:54:08 | INFO     | HTTP Request: HEAD https://huggingface.co/sentence-transformers/paraphrase-multilingual-MiniLM-L12-v2/resolve/main/1_Pooling/config.json "HTTP/1.1 307 Temporary Redirect"
09:54:08 | INFO     | HTTP Request: HEAD https://huggingface.co/api/resolve-cache/models/sentence-transformers/paraphrase-multilingual-MiniLM-L12-v2/e8f8c211226b894fcb81acc59f3b34ba3efd5f42/1_Pooling%2Fconfig.json "HTTP/1.1 200 OK"
09:54:08 | INFO     | HTTP Request: GET https://huggingface.co/api/resolve-cache/models/sentence-transformers/paraphrase-multilingual-MiniLM-L12-v2/e8f8c211226b894fcb81acc59f3b34ba3efd5f42/1_Pooling%2Fconfig.json "HTTP/1.1 200 OK"
09:54:08 | INFO     | HTTP Request: GET https://huggingface.co/api/models/sentence-transformers/paraphrase-multilingual-MiniLM-L12-v2 "HTTP/1.1 200 OK"
09:54:08 | INFO     | [EMBEDDING] Model siap — dimensi=384
09:54:08 | INFO     | ✅ Embedding model siap: 'paraphrase-multilingual-MiniLM-L12-v2' (dim=384)
09:54:23 | INFO     | 👋 Service shutdown
09:54:25 | INFO     | 🚀 UU AI Assistant v1.0.0 starting...
09:54:30 | WARNING  | [QDRANT] Health check gagal: [WinError 10061] No connection could be made because the target machine actively refused it
09:54:30 | WARNING  | ⚠️  Qdrant tidak tersedia: [WinError 10061] No connection could be made because the target machine actively refused it (service tetap berjalan)
09:54:37 | INFO     | [EMBEDDING] Memuat model: paraphrase-multilingual-MiniLM-L12-v2 (device=cpu)
09:54:38 | INFO     | HTTP Request: HEAD https://huggingface.co/sentence-transformers/paraphrase-multilingual-MiniLM-L12-v2/resolve/main/modules.json "HTTP/1.1 307 Temporary Redirect"
09:54:38 | WARNING  | Warning: You are sending unauthenticated requests to the HF Hub. Please set a HF_TOKEN to enable higher rate limits and faster downloads.
09:54:38 | INFO     | HTTP Request: HEAD https://huggingface.co/api/resolve-cache/models/sentence-transformers/paraphrase-multilingual-MiniLM-L12-v2/e8f8c211226b894fcb81acc59f3b34ba3efd5f42/modules.json "HTTP/1.1 200 OK"
09:54:38 | INFO     | HTTP Request: HEAD https://huggingface.co/sentence-transformers/paraphrase-multilingual-MiniLM-L12-v2/resolve/main/config_sentence_transformers.json "HTTP/1.1 307 Temporary Redirect"
09:54:38 | INFO     | HTTP Request: HEAD https://huggingface.co/api/resolve-cache/models/sentence-transformers/paraphrase-multilingual-MiniLM-L12-v2/e8f8c211226b894fcb81acc59f3b34ba3efd5f42/config_sentence_transformers.json "HTTP/1.1 200 OK"
09:54:38 | INFO     | Loading SentenceTransformer model from sentence-transformers/paraphrase-multilingual-MiniLM-L12-v2.
09:54:38 | INFO     | HTTP Request: HEAD https://huggingface.co/sentence-transformers/paraphrase-multilingual-MiniLM-L12-v2/resolve/main/config_sentence_transformers.json "HTTP/1.1 307 Temporary Redirect"
09:54:38 | INFO     | HTTP Request: HEAD https://huggingface.co/api/resolve-cache/models/sentence-transformers/paraphrase-multilingual-MiniLM-L12-v2/e8f8c211226b894fcb81acc59f3b34ba3efd5f42/config_sentence_transformers.json "HTTP/1.1 200 OK"
09:54:39 | INFO     | HTTP Request: HEAD https://huggingface.co/sentence-transformers/paraphrase-multilingual-MiniLM-L12-v2/resolve/main/README.md "HTTP/1.1 307 Temporary Redirect"
09:54:39 | INFO     | HTTP Request: HEAD https://huggingface.co/api/resolve-cache/models/sentence-transformers/paraphrase-multilingual-MiniLM-L12-v2/e8f8c211226b894fcb81acc59f3b34ba3efd5f42/README.md "HTTP/1.1 200 OK"
09:54:39 | INFO     | HTTP Request: HEAD https://huggingface.co/sentence-transformers/paraphrase-multilingual-MiniLM-L12-v2/resolve/main/modules.json "HTTP/1.1 307 Temporary Redirect"
09:54:39 | INFO     | HTTP Request: HEAD https://huggingface.co/api/resolve-cache/models/sentence-transformers/paraphrase-multilingual-MiniLM-L12-v2/e8f8c211226b894fcb81acc59f3b34ba3efd5f42/modules.json "HTTP/1.1 200 OK"
09:54:39 | INFO     | HTTP Request: HEAD https://huggingface.co/sentence-transformers/paraphrase-multilingual-MiniLM-L12-v2/resolve/main/sentence_bert_config.json "HTTP/1.1 307 Temporary Redirect"
09:54:39 | INFO     | HTTP Request: HEAD https://huggingface.co/api/resolve-cache/models/sentence-transformers/paraphrase-multilingual-MiniLM-L12-v2/e8f8c211226b894fcb81acc59f3b34ba3efd5f42/sentence_bert_config.json "HTTP/1.1 200 OK"
09:54:40 | INFO     | HTTP Request: HEAD https://huggingface.co/sentence-transformers/paraphrase-multilingual-MiniLM-L12-v2/resolve/main/adapter_config.json "HTTP/1.1 404 Not Found"
09:54:40 | INFO     | HTTP Request: HEAD https://huggingface.co/sentence-transformers/paraphrase-multilingual-MiniLM-L12-v2/resolve/main/config.json "HTTP/1.1 307 Temporary Redirect"
09:54:40 | INFO     | HTTP Request: HEAD https://huggingface.co/api/resolve-cache/models/sentence-transformers/paraphrase-multilingual-MiniLM-L12-v2/e8f8c211226b894fcb81acc59f3b34ba3efd5f42/config.json "HTTP/1.1 200 OK"
09:54:40 | INFO     | HTTP Request: HEAD https://huggingface.co/sentence-transformers/paraphrase-multilingual-MiniLM-L12-v2/resolve/main/processor_config.json "HTTP/1.1 404 Not Found"
09:54:41 | INFO     | HTTP Request: HEAD https://huggingface.co/sentence-transformers/paraphrase-multilingual-MiniLM-L12-v2/resolve/main/preprocessor_config.json "HTTP/1.1 404 Not Found"
09:54:41 | INFO     | HTTP Request: HEAD https://huggingface.co/sentence-transformers/paraphrase-multilingual-MiniLM-L12-v2/resolve/main/video_preprocessor_config.json "HTTP/1.1 404 Not Found"
09:54:41 | INFO     | HTTP Request: HEAD https://huggingface.co/sentence-transformers/paraphrase-multilingual-MiniLM-L12-v2/resolve/main/preprocessor_config.json "HTTP/1.1 404 Not Found"
09:54:41 | INFO     | HTTP Request: HEAD https://huggingface.co/sentence-transformers/paraphrase-multilingual-MiniLM-L12-v2/resolve/main/tokenizer_config.json "HTTP/1.1 307 Temporary Redirect"
09:54:41 | INFO     | HTTP Request: HEAD https://huggingface.co/api/resolve-cache/models/sentence-transformers/paraphrase-multilingual-MiniLM-L12-v2/e8f8c211226b894fcb81acc59f3b34ba3efd5f42/tokenizer_config.json "HTTP/1.1 200 OK"
09:54:42 | INFO     | HTTP Request: HEAD https://huggingface.co/sentence-transformers/paraphrase-multilingual-MiniLM-L12-v2/resolve/main/config.json "HTTP/1.1 307 Temporary Redirect"
09:54:42 | INFO     | HTTP Request: HEAD https://huggingface.co/api/resolve-cache/models/sentence-transformers/paraphrase-multilingual-MiniLM-L12-v2/e8f8c211226b894fcb81acc59f3b34ba3efd5f42/config.json "HTTP/1.1 200 OK"
09:54:42 | INFO     | HTTP Request: HEAD https://huggingface.co/sentence-transformers/paraphrase-multilingual-MiniLM-L12-v2/resolve/main/config.json "HTTP/1.1 307 Temporary Redirect"
09:54:42 | INFO     | HTTP Request: HEAD https://huggingface.co/api/resolve-cache/models/sentence-transformers/paraphrase-multilingual-MiniLM-L12-v2/e8f8c211226b894fcb81acc59f3b34ba3efd5f42/config.json "HTTP/1.1 200 OK"
09:54:42 | INFO     | HTTP Request: HEAD https://huggingface.co/sentence-transformers/paraphrase-multilingual-MiniLM-L12-v2/resolve/main/tokenizer_config.json "HTTP/1.1 307 Temporary Redirect"
09:54:42 | INFO     | HTTP Request: HEAD https://huggingface.co/api/resolve-cache/models/sentence-transformers/paraphrase-multilingual-MiniLM-L12-v2/e8f8c211226b894fcb81acc59f3b34ba3efd5f42/tokenizer_config.json "HTTP/1.1 200 OK"
09:54:43 | INFO     | HTTP Request: HEAD https://huggingface.co/sentence-transformers/paraphrase-multilingual-MiniLM-L12-v2/resolve/main/tokenizer_config.json "HTTP/1.1 307 Temporary Redirect"
09:54:43 | INFO     | HTTP Request: HEAD https://huggingface.co/api/resolve-cache/models/sentence-transformers/paraphrase-multilingual-MiniLM-L12-v2/e8f8c211226b894fcb81acc59f3b34ba3efd5f42/tokenizer_config.json "HTTP/1.1 200 OK"
09:54:43 | INFO     | HTTP Request: GET https://huggingface.co/api/models/sentence-transformers/paraphrase-multilingual-MiniLM-L12-v2/tree/main/additional_chat_templates?recursive=false&expand=false "HTTP/1.1 404 Not Found"
09:54:43 | INFO     | HTTP Request: GET https://huggingface.co/api/models/sentence-transformers/paraphrase-multilingual-MiniLM-L12-v2/tree/main?recursive=true&expand=false "HTTP/1.1 200 OK"
09:54:45 | INFO     | HTTP Request: GET https://huggingface.co/api/models/sentence-transformers/paraphrase-multilingual-MiniLM-L12-v2 "HTTP/1.1 200 OK"
09:54:45 | INFO     | HTTP Request: HEAD https://huggingface.co/sentence-transformers/paraphrase-multilingual-MiniLM-L12-v2/resolve/main/1_Pooling/config.json "HTTP/1.1 307 Temporary Redirect"
09:54:45 | INFO     | HTTP Request: HEAD https://huggingface.co/api/resolve-cache/models/sentence-transformers/paraphrase-multilingual-MiniLM-L12-v2/e8f8c211226b894fcb81acc59f3b34ba3efd5f42/1_Pooling%2Fconfig.json "HTTP/1.1 200 OK"
09:54:45 | INFO     | HTTP Request: GET https://huggingface.co/api/models/sentence-transformers/paraphrase-multilingual-MiniLM-L12-v2 "HTTP/1.1 200 OK"
09:54:45 | INFO     | [EMBEDDING] Model siap — dimensi=384
09:54:45 | INFO     | ✅ Embedding model siap: 'paraphrase-multilingual-MiniLM-L12-v2' (dim=384)
09:56:49 | INFO     | [API] Process: 99uu039.pdf (embed=True)
09:56:49 | INFO     | [CLEANING] Memulai cleaning: 99uu039.pdf (312,291 bytes)
09:56:49 | INFO     | [CLEANING] Diekstrak 45 halaman
09:56:49 | INFO     | [CLEANING] Header/footer dihapus: {'Ayat (1)', 'Perserikatan', 'Huruf b', 'dan', 'Ayat (4)', 'Ayat (2)', 'Huruf e', 'Komnas HAM.', 'Huruf c', 'sesuai', 'peraturan perundang-undangan.', 'Huruf a', 'Setiap orang, kelompok, organisasi politik, organisasi masyarakat,', 'untuk', 'PRESIDEN', 'perundang-undangan.', 'peraturan', 'lembaga swadaya masyarakat, atau lembaga kemasyarakatan lainnya,', 'www.bphn.go.id', 'atau', 'demi', 'Ayat (3)', 'dengan', 'Huruf d', 'manusia.', 'ketentuan', 'REPUBLIK INDONESIA', 'berbagai', 'yang', 'Indonesia', 'ketentuan peraturan perundang-undangan.', 'sebagaimana dimaksud dalam Pasal 76, Komnas HAM bertugas dan', 'Cukup jelas'}
09:56:49 | INFO     | [CLEANING] Selesai: 45 hal, 8,504 kata, metadata={'jenis': 'Undang-Undang', 'nomor': '39', 'tahun': '1999', 'tentang': 'Hak Asasi Manusia'}
09:56:49 | INFO     | [CHUNKING] Mulai parent-child chunking: 99uu039.pdf
09:56:49 | INFO     | [CHUNKING] Selesai (parent-child): L0=1, L1=14 BAB, L2=144 Pasal, L3=138 Ayat | Total=297 | Avg 91 tokens/chunk
09:56:49 | INFO     | [EMBEDDING] Mulai embed 297 chunk(s)...
09:56:49 | INFO     | [EMBEDDING] Memuat model: paraphrase-multilingual-MiniLM-L12-v2 (device=cpu)
09:56:50 | INFO     | HTTP Request: HEAD https://huggingface.co/sentence-transformers/paraphrase-multilingual-MiniLM-L12-v2/resolve/main/modules.json "HTTP/1.1 307 Temporary Redirect"
09:56:50 | INFO     | HTTP Request: HEAD https://huggingface.co/api/resolve-cache/models/sentence-transformers/paraphrase-multilingual-MiniLM-L12-v2/e8f8c211226b894fcb81acc59f3b34ba3efd5f42/modules.json "HTTP/1.1 200 OK"
09:56:50 | INFO     | HTTP Request: HEAD https://huggingface.co/sentence-transformers/paraphrase-multilingual-MiniLM-L12-v2/resolve/main/config_sentence_transformers.json "HTTP/1.1 307 Temporary Redirect"
09:56:50 | INFO     | HTTP Request: HEAD https://huggingface.co/api/resolve-cache/models/sentence-transformers/paraphrase-multilingual-MiniLM-L12-v2/e8f8c211226b894fcb81acc59f3b34ba3efd5f42/config_sentence_transformers.json "HTTP/1.1 200 OK"
09:56:50 | INFO     | Loading SentenceTransformer model from sentence-transformers/paraphrase-multilingual-MiniLM-L12-v2.
09:56:50 | INFO     | HTTP Request: HEAD https://huggingface.co/sentence-transformers/paraphrase-multilingual-MiniLM-L12-v2/resolve/main/config_sentence_transformers.json "HTTP/1.1 307 Temporary Redirect"
09:56:50 | INFO     | HTTP Request: HEAD https://huggingface.co/api/resolve-cache/models/sentence-transformers/paraphrase-multilingual-MiniLM-L12-v2/e8f8c211226b894fcb81acc59f3b34ba3efd5f42/config_sentence_transformers.json "HTTP/1.1 200 OK"
09:56:50 | INFO     | HTTP Request: HEAD https://huggingface.co/sentence-transformers/paraphrase-multilingual-MiniLM-L12-v2/resolve/main/README.md "HTTP/1.1 307 Temporary Redirect"
09:56:50 | INFO     | HTTP Request: HEAD https://huggingface.co/api/resolve-cache/models/sentence-transformers/paraphrase-multilingual-MiniLM-L12-v2/e8f8c211226b894fcb81acc59f3b34ba3efd5f42/README.md "HTTP/1.1 200 OK"
09:56:51 | INFO     | HTTP Request: HEAD https://huggingface.co/sentence-transformers/paraphrase-multilingual-MiniLM-L12-v2/resolve/main/modules.json "HTTP/1.1 307 Temporary Redirect"
09:56:51 | INFO     | HTTP Request: HEAD https://huggingface.co/api/resolve-cache/models/sentence-transformers/paraphrase-multilingual-MiniLM-L12-v2/e8f8c211226b894fcb81acc59f3b34ba3efd5f42/modules.json "HTTP/1.1 200 OK"
09:56:51 | INFO     | HTTP Request: HEAD https://huggingface.co/sentence-transformers/paraphrase-multilingual-MiniLM-L12-v2/resolve/main/sentence_bert_config.json "HTTP/1.1 307 Temporary Redirect"
09:56:51 | INFO     | HTTP Request: HEAD https://huggingface.co/api/resolve-cache/models/sentence-transformers/paraphrase-multilingual-MiniLM-L12-v2/e8f8c211226b894fcb81acc59f3b34ba3efd5f42/sentence_bert_config.json "HTTP/1.1 200 OK"
09:56:51 | INFO     | HTTP Request: HEAD https://huggingface.co/sentence-transformers/paraphrase-multilingual-MiniLM-L12-v2/resolve/main/adapter_config.json "HTTP/1.1 404 Not Found"
09:56:52 | INFO     | HTTP Request: HEAD https://huggingface.co/sentence-transformers/paraphrase-multilingual-MiniLM-L12-v2/resolve/main/config.json "HTTP/1.1 307 Temporary Redirect"
09:56:52 | INFO     | HTTP Request: HEAD https://huggingface.co/api/resolve-cache/models/sentence-transformers/paraphrase-multilingual-MiniLM-L12-v2/e8f8c211226b894fcb81acc59f3b34ba3efd5f42/config.json "HTTP/1.1 200 OK"
09:56:52 | INFO     | HTTP Request: HEAD https://huggingface.co/sentence-transformers/paraphrase-multilingual-MiniLM-L12-v2/resolve/main/processor_config.json "HTTP/1.1 404 Not Found"
09:56:52 | INFO     | HTTP Request: HEAD https://huggingface.co/sentence-transformers/paraphrase-multilingual-MiniLM-L12-v2/resolve/main/preprocessor_config.json "HTTP/1.1 404 Not Found"
09:56:53 | INFO     | HTTP Request: HEAD https://huggingface.co/sentence-transformers/paraphrase-multilingual-MiniLM-L12-v2/resolve/main/video_preprocessor_config.json "HTTP/1.1 404 Not Found"
09:56:53 | INFO     | HTTP Request: HEAD https://huggingface.co/sentence-transformers/paraphrase-multilingual-MiniLM-L12-v2/resolve/main/preprocessor_config.json "HTTP/1.1 404 Not Found"
09:56:53 | INFO     | HTTP Request: HEAD https://huggingface.co/sentence-transformers/paraphrase-multilingual-MiniLM-L12-v2/resolve/main/tokenizer_config.json "HTTP/1.1 307 Temporary Redirect"
09:56:53 | INFO     | HTTP Request: HEAD https://huggingface.co/api/resolve-cache/models/sentence-transformers/paraphrase-multilingual-MiniLM-L12-v2/e8f8c211226b894fcb81acc59f3b34ba3efd5f42/tokenizer_config.json "HTTP/1.1 200 OK"
09:56:53 | INFO     | HTTP Request: HEAD https://huggingface.co/sentence-transformers/paraphrase-multilingual-MiniLM-L12-v2/resolve/main/config.json "HTTP/1.1 307 Temporary Redirect"
09:56:54 | INFO     | HTTP Request: HEAD https://huggingface.co/api/resolve-cache/models/sentence-transformers/paraphrase-multilingual-MiniLM-L12-v2/e8f8c211226b894fcb81acc59f3b34ba3efd5f42/config.json "HTTP/1.1 200 OK"
09:56:54 | INFO     | HTTP Request: HEAD https://huggingface.co/sentence-transformers/paraphrase-multilingual-MiniLM-L12-v2/resolve/main/config.json "HTTP/1.1 307 Temporary Redirect"
09:56:54 | INFO     | HTTP Request: HEAD https://huggingface.co/api/resolve-cache/models/sentence-transformers/paraphrase-multilingual-MiniLM-L12-v2/e8f8c211226b894fcb81acc59f3b34ba3efd5f42/config.json "HTTP/1.1 200 OK"
09:56:54 | INFO     | HTTP Request: HEAD https://huggingface.co/sentence-transformers/paraphrase-multilingual-MiniLM-L12-v2/resolve/main/tokenizer_config.json "HTTP/1.1 307 Temporary Redirect"
09:56:54 | INFO     | HTTP Request: HEAD https://huggingface.co/api/resolve-cache/models/sentence-transformers/paraphrase-multilingual-MiniLM-L12-v2/e8f8c211226b894fcb81acc59f3b34ba3efd5f42/tokenizer_config.json "HTTP/1.1 200 OK"
09:56:54 | INFO     | HTTP Request: HEAD https://huggingface.co/sentence-transformers/paraphrase-multilingual-MiniLM-L12-v2/resolve/main/tokenizer_config.json "HTTP/1.1 307 Temporary Redirect"
09:56:54 | INFO     | HTTP Request: HEAD https://huggingface.co/api/resolve-cache/models/sentence-transformers/paraphrase-multilingual-MiniLM-L12-v2/e8f8c211226b894fcb81acc59f3b34ba3efd5f42/tokenizer_config.json "HTTP/1.1 200 OK"
09:56:55 | INFO     | HTTP Request: GET https://huggingface.co/api/models/sentence-transformers/paraphrase-multilingual-MiniLM-L12-v2/tree/main/additional_chat_templates?recursive=false&expand=false "HTTP/1.1 404 Not Found"
09:56:55 | INFO     | HTTP Request: GET https://huggingface.co/api/models/sentence-transformers/paraphrase-multilingual-MiniLM-L12-v2/tree/main?recursive=true&expand=false "HTTP/1.1 200 OK"
09:56:57 | INFO     | HTTP Request: GET https://huggingface.co/api/models/sentence-transformers/paraphrase-multilingual-MiniLM-L12-v2 "HTTP/1.1 200 OK"
09:56:58 | INFO     | HTTP Request: HEAD https://huggingface.co/sentence-transformers/paraphrase-multilingual-MiniLM-L12-v2/resolve/main/1_Pooling/config.json "HTTP/1.1 307 Temporary Redirect"
09:56:58 | INFO     | HTTP Request: HEAD https://huggingface.co/api/resolve-cache/models/sentence-transformers/paraphrase-multilingual-MiniLM-L12-v2/e8f8c211226b894fcb81acc59f3b34ba3efd5f42/1_Pooling%2Fconfig.json "HTTP/1.1 200 OK"
09:56:58 | INFO     | HTTP Request: GET https://huggingface.co/api/models/sentence-transformers/paraphrase-multilingual-MiniLM-L12-v2 "HTTP/1.1 200 OK"
09:56:58 | INFO     | [EMBEDDING] Model siap — dimensi=384
09:57:03 | INFO     | [EMBEDDING] Selesai: 297 chunks | dim=384
09:57:03 | INFO     | [API] Embedding selesai: 297 chunks, dim=384
09:57:03 | INFO     | HTTP Request: GET http://localhost:6333/collections/uu_chunks "HTTP/1.1 404 Not Found"
09:57:03 | INFO     | HTTP Request: GET http://localhost:6333 "HTTP/1.1 200 OK"
09:57:03 | INFO     | HTTP Request: PUT http://localhost:6333/collections/uu_chunks "HTTP/1.1 200 OK"
09:57:03 | INFO     | [QDRANT] Collection 'uu_chunks' dibuat (dim=384, COSINE)
09:57:04 | INFO     | HTTP Request: PUT http://localhost:6333/collections/uu_chunks/points?wait=true "HTTP/1.1 200 OK"
09:57:04 | INFO     | HTTP Request: PUT http://localhost:6333/collections/uu_chunks/points?wait=true "HTTP/1.1 200 OK"
09:57:04 | INFO     | HTTP Request: GET http://localhost:6333 "HTTP/1.1 200 OK"
09:57:04 | INFO     | HTTP Request: PUT http://localhost:6333/collections/uu_chunks/points?wait=true "HTTP/1.1 200 OK"
09:57:04 | INFO     | [QDRANT] Upsert selesai: 297 points → collection 'uu_chunks' (skipped=0)
09:57:04 | INFO     | [API] Qdrant upsert: {'upserted': 297, 'skipped': 0, 'collection': 'uu_chunks', 'vector_size': 384}
09:57:27 | INFO     | HTTP Request: GET http://localhost:6333/collections "HTTP/1.1 200 OK"
09:57:27 | INFO     | HTTP Request: GET http://localhost:6333 "HTTP/1.1 200 OK"
09:58:02 | ERROR    | [QDRANT] Search gagal: 'QdrantClient' object has no attribute 'search'
09:58:03 | INFO     | HTTP Request: GET http://localhost:6333 "HTTP/1.1 200 OK"
10:00:27 | INFO     | 👋 Service shutdown
10:00:31 | INFO     | 🚀 UU AI Assistant v1.0.0 starting...
10:00:32 | INFO     | HTTP Request: GET http://localhost:6333/collections "HTTP/1.1 200 OK"
10:00:32 | INFO     | ✅ Qdrant terhubung: 1 collection(s)
10:00:32 | INFO     | HTTP Request: GET http://localhost:6333 "HTTP/1.1 200 OK"
10:00:43 | INFO     | [EMBEDDING] Memuat model: paraphrase-multilingual-MiniLM-L12-v2 (device=cpu)
10:00:43 | INFO     | HTTP Request: HEAD https://huggingface.co/sentence-transformers/paraphrase-multilingual-MiniLM-L12-v2/resolve/main/modules.json "HTTP/1.1 307 Temporary Redirect"
10:00:43 | WARNING  | Warning: You are sending unauthenticated requests to the HF Hub. Please set a HF_TOKEN to enable higher rate limits and faster downloads.
10:00:43 | INFO     | HTTP Request: HEAD https://huggingface.co/api/resolve-cache/models/sentence-transformers/paraphrase-multilingual-MiniLM-L12-v2/e8f8c211226b894fcb81acc59f3b34ba3efd5f42/modules.json "HTTP/1.1 200 OK"
10:00:44 | INFO     | HTTP Request: HEAD https://huggingface.co/sentence-transformers/paraphrase-multilingual-MiniLM-L12-v2/resolve/main/config_sentence_transformers.json "HTTP/1.1 307 Temporary Redirect"
10:00:44 | INFO     | HTTP Request: HEAD https://huggingface.co/api/resolve-cache/models/sentence-transformers/paraphrase-multilingual-MiniLM-L12-v2/e8f8c211226b894fcb81acc59f3b34ba3efd5f42/config_sentence_transformers.json "HTTP/1.1 200 OK"
10:00:44 | INFO     | Loading SentenceTransformer model from sentence-transformers/paraphrase-multilingual-MiniLM-L12-v2.
10:00:44 | INFO     | HTTP Request: HEAD https://huggingface.co/sentence-transformers/paraphrase-multilingual-MiniLM-L12-v2/resolve/main/config_sentence_transformers.json "HTTP/1.1 307 Temporary Redirect"
10:00:44 | INFO     | HTTP Request: HEAD https://huggingface.co/api/resolve-cache/models/sentence-transformers/paraphrase-multilingual-MiniLM-L12-v2/e8f8c211226b894fcb81acc59f3b34ba3efd5f42/config_sentence_transformers.json "HTTP/1.1 200 OK"
10:00:44 | INFO     | HTTP Request: HEAD https://huggingface.co/sentence-transformers/paraphrase-multilingual-MiniLM-L12-v2/resolve/main/README.md "HTTP/1.1 307 Temporary Redirect"
10:00:44 | INFO     | HTTP Request: HEAD https://huggingface.co/api/resolve-cache/models/sentence-transformers/paraphrase-multilingual-MiniLM-L12-v2/e8f8c211226b894fcb81acc59f3b34ba3efd5f42/README.md "HTTP/1.1 200 OK"
10:00:44 | INFO     | HTTP Request: HEAD https://huggingface.co/sentence-transformers/paraphrase-multilingual-MiniLM-L12-v2/resolve/main/modules.json "HTTP/1.1 307 Temporary Redirect"
10:00:44 | INFO     | HTTP Request: HEAD https://huggingface.co/api/resolve-cache/models/sentence-transformers/paraphrase-multilingual-MiniLM-L12-v2/e8f8c211226b894fcb81acc59f3b34ba3efd5f42/modules.json "HTTP/1.1 200 OK"
10:00:45 | INFO     | HTTP Request: HEAD https://huggingface.co/sentence-transformers/paraphrase-multilingual-MiniLM-L12-v2/resolve/main/sentence_bert_config.json "HTTP/1.1 307 Temporary Redirect"
10:00:45 | INFO     | HTTP Request: HEAD https://huggingface.co/api/resolve-cache/models/sentence-transformers/paraphrase-multilingual-MiniLM-L12-v2/e8f8c211226b894fcb81acc59f3b34ba3efd5f42/sentence_bert_config.json "HTTP/1.1 200 OK"
10:00:45 | INFO     | HTTP Request: HEAD https://huggingface.co/sentence-transformers/paraphrase-multilingual-MiniLM-L12-v2/resolve/main/adapter_config.json "HTTP/1.1 404 Not Found"
10:00:45 | INFO     | HTTP Request: HEAD https://huggingface.co/sentence-transformers/paraphrase-multilingual-MiniLM-L12-v2/resolve/main/config.json "HTTP/1.1 307 Temporary Redirect"
10:00:45 | INFO     | HTTP Request: HEAD https://huggingface.co/api/resolve-cache/models/sentence-transformers/paraphrase-multilingual-MiniLM-L12-v2/e8f8c211226b894fcb81acc59f3b34ba3efd5f42/config.json "HTTP/1.1 200 OK"
10:00:46 | INFO     | HTTP Request: HEAD https://huggingface.co/sentence-transformers/paraphrase-multilingual-MiniLM-L12-v2/resolve/main/processor_config.json "HTTP/1.1 404 Not Found"
10:00:46 | INFO     | HTTP Request: HEAD https://huggingface.co/sentence-transformers/paraphrase-multilingual-MiniLM-L12-v2/resolve/main/preprocessor_config.json "HTTP/1.1 404 Not Found"
10:00:46 | INFO     | HTTP Request: HEAD https://huggingface.co/sentence-transformers/paraphrase-multilingual-MiniLM-L12-v2/resolve/main/video_preprocessor_config.json "HTTP/1.1 404 Not Found"
10:00:47 | INFO     | HTTP Request: HEAD https://huggingface.co/sentence-transformers/paraphrase-multilingual-MiniLM-L12-v2/resolve/main/preprocessor_config.json "HTTP/1.1 404 Not Found"
10:00:47 | INFO     | HTTP Request: HEAD https://huggingface.co/sentence-transformers/paraphrase-multilingual-MiniLM-L12-v2/resolve/main/tokenizer_config.json "HTTP/1.1 307 Temporary Redirect"
10:00:47 | INFO     | HTTP Request: HEAD https://huggingface.co/api/resolve-cache/models/sentence-transformers/paraphrase-multilingual-MiniLM-L12-v2/e8f8c211226b894fcb81acc59f3b34ba3efd5f42/tokenizer_config.json "HTTP/1.1 200 OK"
10:00:47 | INFO     | HTTP Request: HEAD https://huggingface.co/sentence-transformers/paraphrase-multilingual-MiniLM-L12-v2/resolve/main/config.json "HTTP/1.1 307 Temporary Redirect"
10:00:47 | INFO     | HTTP Request: HEAD https://huggingface.co/api/resolve-cache/models/sentence-transformers/paraphrase-multilingual-MiniLM-L12-v2/e8f8c211226b894fcb81acc59f3b34ba3efd5f42/config.json "HTTP/1.1 200 OK"
10:00:48 | INFO     | HTTP Request: HEAD https://huggingface.co/sentence-transformers/paraphrase-multilingual-MiniLM-L12-v2/resolve/main/config.json "HTTP/1.1 307 Temporary Redirect"
10:00:48 | INFO     | HTTP Request: HEAD https://huggingface.co/api/resolve-cache/models/sentence-transformers/paraphrase-multilingual-MiniLM-L12-v2/e8f8c211226b894fcb81acc59f3b34ba3efd5f42/config.json "HTTP/1.1 200 OK"
10:00:48 | INFO     | HTTP Request: HEAD https://huggingface.co/sentence-transformers/paraphrase-multilingual-MiniLM-L12-v2/resolve/main/tokenizer_config.json "HTTP/1.1 307 Temporary Redirect"
10:00:48 | INFO     | HTTP Request: HEAD https://huggingface.co/api/resolve-cache/models/sentence-transformers/paraphrase-multilingual-MiniLM-L12-v2/e8f8c211226b894fcb81acc59f3b34ba3efd5f42/tokenizer_config.json "HTTP/1.1 200 OK"
10:00:48 | INFO     | HTTP Request: HEAD https://huggingface.co/sentence-transformers/paraphrase-multilingual-MiniLM-L12-v2/resolve/main/tokenizer_config.json "HTTP/1.1 307 Temporary Redirect"
10:00:48 | INFO     | HTTP Request: HEAD https://huggingface.co/api/resolve-cache/models/sentence-transformers/paraphrase-multilingual-MiniLM-L12-v2/e8f8c211226b894fcb81acc59f3b34ba3efd5f42/tokenizer_config.json "HTTP/1.1 200 OK"
10:00:48 | INFO     | HTTP Request: GET https://huggingface.co/api/models/sentence-transformers/paraphrase-multilingual-MiniLM-L12-v2/tree/main/additional_chat_templates?recursive=false&expand=false "HTTP/1.1 404 Not Found"
10:00:49 | INFO     | HTTP Request: GET https://huggingface.co/api/models/sentence-transformers/paraphrase-multilingual-MiniLM-L12-v2/tree/main?recursive=true&expand=false "HTTP/1.1 200 OK"
10:00:50 | INFO     | HTTP Request: GET https://huggingface.co/api/models/sentence-transformers/paraphrase-multilingual-MiniLM-L12-v2 "HTTP/1.1 200 OK"
10:00:51 | INFO     | HTTP Request: HEAD https://huggingface.co/sentence-transformers/paraphrase-multilingual-MiniLM-L12-v2/resolve/main/1_Pooling/config.json "HTTP/1.1 307 Temporary Redirect"
10:00:51 | INFO     | HTTP Request: HEAD https://huggingface.co/api/resolve-cache/models/sentence-transformers/paraphrase-multilingual-MiniLM-L12-v2/e8f8c211226b894fcb81acc59f3b34ba3efd5f42/1_Pooling%2Fconfig.json "HTTP/1.1 200 OK"
10:00:51 | INFO     | HTTP Request: GET https://huggingface.co/api/models/sentence-transformers/paraphrase-multilingual-MiniLM-L12-v2 "HTTP/1.1 200 OK"
10:00:51 | INFO     | [EMBEDDING] Model siap — dimensi=384
10:00:51 | INFO     | ✅ Embedding model siap: 'paraphrase-multilingual-MiniLM-L12-v2' (dim=384)
10:01:11 | INFO     | 👋 Service shutdown
10:01:13 | INFO     | 🚀 UU AI Assistant v1.0.0 starting...
10:01:14 | INFO     | HTTP Request: GET http://localhost:6333/collections "HTTP/1.1 200 OK"
10:01:14 | INFO     | ✅ Qdrant terhubung: 1 collection(s)
10:01:14 | INFO     | HTTP Request: GET http://localhost:6333 "HTTP/1.1 200 OK"
10:01:23 | INFO     | [EMBEDDING] Memuat model: paraphrase-multilingual-MiniLM-L12-v2 (device=cpu)
10:01:24 | INFO     | HTTP Request: HEAD https://huggingface.co/sentence-transformers/paraphrase-multilingual-MiniLM-L12-v2/resolve/main/modules.json "HTTP/1.1 307 Temporary Redirect"
10:01:24 | WARNING  | Warning: You are sending unauthenticated requests to the HF Hub. Please set a HF_TOKEN to enable higher rate limits and faster downloads.
10:01:24 | INFO     | HTTP Request: HEAD https://huggingface.co/api/resolve-cache/models/sentence-transformers/paraphrase-multilingual-MiniLM-L12-v2/e8f8c211226b894fcb81acc59f3b34ba3efd5f42/modules.json "HTTP/1.1 200 OK"
10:01:24 | INFO     | HTTP Request: HEAD https://huggingface.co/sentence-transformers/paraphrase-multilingual-MiniLM-L12-v2/resolve/main/config_sentence_transformers.json "HTTP/1.1 307 Temporary Redirect"
10:01:24 | INFO     | HTTP Request: HEAD https://huggingface.co/api/resolve-cache/models/sentence-transformers/paraphrase-multilingual-MiniLM-L12-v2/e8f8c211226b894fcb81acc59f3b34ba3efd5f42/config_sentence_transformers.json "HTTP/1.1 200 OK"
10:01:24 | INFO     | Loading SentenceTransformer model from sentence-transformers/paraphrase-multilingual-MiniLM-L12-v2.
10:01:24 | INFO     | HTTP Request: HEAD https://huggingface.co/sentence-transformers/paraphrase-multilingual-MiniLM-L12-v2/resolve/main/config_sentence_transformers.json "HTTP/1.1 307 Temporary Redirect"
10:01:24 | INFO     | HTTP Request: HEAD https://huggingface.co/api/resolve-cache/models/sentence-transformers/paraphrase-multilingual-MiniLM-L12-v2/e8f8c211226b894fcb81acc59f3b34ba3efd5f42/config_sentence_transformers.json "HTTP/1.1 200 OK"
10:01:24 | INFO     | HTTP Request: HEAD https://huggingface.co/sentence-transformers/paraphrase-multilingual-MiniLM-L12-v2/resolve/main/README.md "HTTP/1.1 307 Temporary Redirect"
10:01:24 | INFO     | HTTP Request: HEAD https://huggingface.co/api/resolve-cache/models/sentence-transformers/paraphrase-multilingual-MiniLM-L12-v2/e8f8c211226b894fcb81acc59f3b34ba3efd5f42/README.md "HTTP/1.1 200 OK"
10:01:25 | INFO     | HTTP Request: HEAD https://huggingface.co/sentence-transformers/paraphrase-multilingual-MiniLM-L12-v2/resolve/main/modules.json "HTTP/1.1 307 Temporary Redirect"
10:01:25 | INFO     | HTTP Request: HEAD https://huggingface.co/api/resolve-cache/models/sentence-transformers/paraphrase-multilingual-MiniLM-L12-v2/e8f8c211226b894fcb81acc59f3b34ba3efd5f42/modules.json "HTTP/1.1 200 OK"
10:01:25 | INFO     | HTTP Request: HEAD https://huggingface.co/sentence-transformers/paraphrase-multilingual-MiniLM-L12-v2/resolve/main/sentence_bert_config.json "HTTP/1.1 307 Temporary Redirect"
10:01:25 | INFO     | HTTP Request: HEAD https://huggingface.co/api/resolve-cache/models/sentence-transformers/paraphrase-multilingual-MiniLM-L12-v2/e8f8c211226b894fcb81acc59f3b34ba3efd5f42/sentence_bert_config.json "HTTP/1.1 200 OK"
10:01:25 | INFO     | HTTP Request: HEAD https://huggingface.co/sentence-transformers/paraphrase-multilingual-MiniLM-L12-v2/resolve/main/adapter_config.json "HTTP/1.1 404 Not Found"
10:01:26 | INFO     | HTTP Request: HEAD https://huggingface.co/sentence-transformers/paraphrase-multilingual-MiniLM-L12-v2/resolve/main/config.json "HTTP/1.1 307 Temporary Redirect"
10:01:26 | INFO     | HTTP Request: HEAD https://huggingface.co/api/resolve-cache/models/sentence-transformers/paraphrase-multilingual-MiniLM-L12-v2/e8f8c211226b894fcb81acc59f3b34ba3efd5f42/config.json "HTTP/1.1 200 OK"
10:01:26 | INFO     | HTTP Request: HEAD https://huggingface.co/sentence-transformers/paraphrase-multilingual-MiniLM-L12-v2/resolve/main/processor_config.json "HTTP/1.1 404 Not Found"
10:01:26 | INFO     | HTTP Request: HEAD https://huggingface.co/sentence-transformers/paraphrase-multilingual-MiniLM-L12-v2/resolve/main/preprocessor_config.json "HTTP/1.1 404 Not Found"
10:01:27 | INFO     | HTTP Request: HEAD https://huggingface.co/sentence-transformers/paraphrase-multilingual-MiniLM-L12-v2/resolve/main/video_preprocessor_config.json "HTTP/1.1 404 Not Found"
10:01:27 | INFO     | HTTP Request: HEAD https://huggingface.co/sentence-transformers/paraphrase-multilingual-MiniLM-L12-v2/resolve/main/preprocessor_config.json "HTTP/1.1 404 Not Found"
10:01:27 | INFO     | HTTP Request: HEAD https://huggingface.co/sentence-transformers/paraphrase-multilingual-MiniLM-L12-v2/resolve/main/tokenizer_config.json "HTTP/1.1 307 Temporary Redirect"
10:01:27 | INFO     | HTTP Request: HEAD https://huggingface.co/api/resolve-cache/models/sentence-transformers/paraphrase-multilingual-MiniLM-L12-v2/e8f8c211226b894fcb81acc59f3b34ba3efd5f42/tokenizer_config.json "HTTP/1.1 200 OK"
10:01:28 | INFO     | HTTP Request: HEAD https://huggingface.co/sentence-transformers/paraphrase-multilingual-MiniLM-L12-v2/resolve/main/config.json "HTTP/1.1 307 Temporary Redirect"
10:01:28 | INFO     | HTTP Request: HEAD https://huggingface.co/api/resolve-cache/models/sentence-transformers/paraphrase-multilingual-MiniLM-L12-v2/e8f8c211226b894fcb81acc59f3b34ba3efd5f42/config.json "HTTP/1.1 200 OK"
10:01:28 | INFO     | HTTP Request: HEAD https://huggingface.co/sentence-transformers/paraphrase-multilingual-MiniLM-L12-v2/resolve/main/config.json "HTTP/1.1 307 Temporary Redirect"
10:01:28 | INFO     | HTTP Request: HEAD https://huggingface.co/api/resolve-cache/models/sentence-transformers/paraphrase-multilingual-MiniLM-L12-v2/e8f8c211226b894fcb81acc59f3b34ba3efd5f42/config.json "HTTP/1.1 200 OK"
10:01:28 | INFO     | HTTP Request: HEAD https://huggingface.co/sentence-transformers/paraphrase-multilingual-MiniLM-L12-v2/resolve/main/tokenizer_config.json "HTTP/1.1 307 Temporary Redirect"
10:01:28 | INFO     | HTTP Request: HEAD https://huggingface.co/api/resolve-cache/models/sentence-transformers/paraphrase-multilingual-MiniLM-L12-v2/e8f8c211226b894fcb81acc59f3b34ba3efd5f42/tokenizer_config.json "HTTP/1.1 200 OK"
10:01:28 | INFO     | HTTP Request: HEAD https://huggingface.co/sentence-transformers/paraphrase-multilingual-MiniLM-L12-v2/resolve/main/tokenizer_config.json "HTTP/1.1 307 Temporary Redirect"
10:01:28 | INFO     | HTTP Request: HEAD https://huggingface.co/api/resolve-cache/models/sentence-transformers/paraphrase-multilingual-MiniLM-L12-v2/e8f8c211226b894fcb81acc59f3b34ba3efd5f42/tokenizer_config.json "HTTP/1.1 200 OK"
10:01:29 | INFO     | HTTP Request: GET https://huggingface.co/api/models/sentence-transformers/paraphrase-multilingual-MiniLM-L12-v2/tree/main/additional_chat_templates?recursive=false&expand=false "HTTP/1.1 404 Not Found"
10:01:29 | INFO     | HTTP Request: GET https://huggingface.co/api/models/sentence-transformers/paraphrase-multilingual-MiniLM-L12-v2/tree/main?recursive=true&expand=false "HTTP/1.1 200 OK"
10:01:31 | INFO     | HTTP Request: GET https://huggingface.co/api/models/sentence-transformers/paraphrase-multilingual-MiniLM-L12-v2 "HTTP/1.1 200 OK"
10:01:32 | INFO     | HTTP Request: HEAD https://huggingface.co/sentence-transformers/paraphrase-multilingual-MiniLM-L12-v2/resolve/main/1_Pooling/config.json "HTTP/1.1 307 Temporary Redirect"
10:01:32 | INFO     | HTTP Request: HEAD https://huggingface.co/api/resolve-cache/models/sentence-transformers/paraphrase-multilingual-MiniLM-L12-v2/e8f8c211226b894fcb81acc59f3b34ba3efd5f42/1_Pooling%2Fconfig.json "HTTP/1.1 200 OK"
10:01:32 | INFO     | HTTP Request: GET https://huggingface.co/api/models/sentence-transformers/paraphrase-multilingual-MiniLM-L12-v2 "HTTP/1.1 200 OK"
10:01:32 | INFO     | [EMBEDDING] Model siap — dimensi=384
10:01:32 | INFO     | ✅ Embedding model siap: 'paraphrase-multilingual-MiniLM-L12-v2' (dim=384)
10:01:33 | INFO     | 👋 Service shutdown
10:01:35 | INFO     | 🚀 UU AI Assistant v1.0.0 starting...
10:01:36 | INFO     | HTTP Request: GET http://localhost:6333/collections "HTTP/1.1 200 OK"
10:01:36 | INFO     | ✅ Qdrant terhubung: 1 collection(s)
10:01:36 | INFO     | HTTP Request: GET http://localhost:6333 "HTTP/1.1 200 OK"
10:01:44 | INFO     | [EMBEDDING] Memuat model: paraphrase-multilingual-MiniLM-L12-v2 (device=cpu)
10:01:44 | INFO     | HTTP Request: HEAD https://huggingface.co/sentence-transformers/paraphrase-multilingual-MiniLM-L12-v2/resolve/main/modules.json "HTTP/1.1 307 Temporary Redirect"
10:01:44 | INFO     | HTTP Request: HEAD https://huggingface.co/api/resolve-cache/models/sentence-transformers/paraphrase-multilingual-MiniLM-L12-v2/e8f8c211226b894fcb81acc59f3b34ba3efd5f42/modules.json "HTTP/1.1 200 OK"
10:01:45 | INFO     | HTTP Request: HEAD https://huggingface.co/sentence-transformers/paraphrase-multilingual-MiniLM-L12-v2/resolve/main/config_sentence_transformers.json "HTTP/1.1 307 Temporary Redirect"
10:01:45 | INFO     | HTTP Request: HEAD https://huggingface.co/api/resolve-cache/models/sentence-transformers/paraphrase-multilingual-MiniLM-L12-v2/e8f8c211226b894fcb81acc59f3b34ba3efd5f42/config_sentence_transformers.json "HTTP/1.1 200 OK"
10:01:45 | INFO     | Loading SentenceTransformer model from sentence-transformers/paraphrase-multilingual-MiniLM-L12-v2.
10:01:45 | INFO     | HTTP Request: HEAD https://huggingface.co/sentence-transformers/paraphrase-multilingual-MiniLM-L12-v2/resolve/main/config_sentence_transformers.json "HTTP/1.1 307 Temporary Redirect"
10:01:45 | WARNING  | Warning: You are sending unauthenticated requests to the HF Hub. Please set a HF_TOKEN to enable higher rate limits and faster downloads.
10:01:45 | INFO     | HTTP Request: HEAD https://huggingface.co/api/resolve-cache/models/sentence-transformers/paraphrase-multilingual-MiniLM-L12-v2/e8f8c211226b894fcb81acc59f3b34ba3efd5f42/config_sentence_transformers.json "HTTP/1.1 200 OK"
10:01:45 | INFO     | HTTP Request: HEAD https://huggingface.co/sentence-transformers/paraphrase-multilingual-MiniLM-L12-v2/resolve/main/README.md "HTTP/1.1 307 Temporary Redirect"
10:01:45 | INFO     | HTTP Request: HEAD https://huggingface.co/api/resolve-cache/models/sentence-transformers/paraphrase-multilingual-MiniLM-L12-v2/e8f8c211226b894fcb81acc59f3b34ba3efd5f42/README.md "HTTP/1.1 200 OK"
10:01:45 | INFO     | HTTP Request: HEAD https://huggingface.co/sentence-transformers/paraphrase-multilingual-MiniLM-L12-v2/resolve/main/modules.json "HTTP/1.1 307 Temporary Redirect"
10:01:45 | INFO     | HTTP Request: HEAD https://huggingface.co/api/resolve-cache/models/sentence-transformers/paraphrase-multilingual-MiniLM-L12-v2/e8f8c211226b894fcb81acc59f3b34ba3efd5f42/modules.json "HTTP/1.1 200 OK"
10:01:46 | INFO     | HTTP Request: HEAD https://huggingface.co/sentence-transformers/paraphrase-multilingual-MiniLM-L12-v2/resolve/main/sentence_bert_config.json "HTTP/1.1 307 Temporary Redirect"
10:01:46 | INFO     | HTTP Request: HEAD https://huggingface.co/api/resolve-cache/models/sentence-transformers/paraphrase-multilingual-MiniLM-L12-v2/e8f8c211226b894fcb81acc59f3b34ba3efd5f42/sentence_bert_config.json "HTTP/1.1 200 OK"
10:01:46 | INFO     | HTTP Request: HEAD https://huggingface.co/sentence-transformers/paraphrase-multilingual-MiniLM-L12-v2/resolve/main/adapter_config.json "HTTP/1.1 404 Not Found"
10:01:46 | INFO     | HTTP Request: HEAD https://huggingface.co/sentence-transformers/paraphrase-multilingual-MiniLM-L12-v2/resolve/main/config.json "HTTP/1.1 307 Temporary Redirect"
10:01:46 | INFO     | HTTP Request: HEAD https://huggingface.co/api/resolve-cache/models/sentence-transformers/paraphrase-multilingual-MiniLM-L12-v2/e8f8c211226b894fcb81acc59f3b34ba3efd5f42/config.json "HTTP/1.1 200 OK"
10:01:47 | INFO     | HTTP Request: HEAD https://huggingface.co/sentence-transformers/paraphrase-multilingual-MiniLM-L12-v2/resolve/main/processor_config.json "HTTP/1.1 404 Not Found"
10:01:47 | INFO     | HTTP Request: HEAD https://huggingface.co/sentence-transformers/paraphrase-multilingual-MiniLM-L12-v2/resolve/main/preprocessor_config.json "HTTP/1.1 404 Not Found"
10:01:47 | INFO     | HTTP Request: HEAD https://huggingface.co/sentence-transformers/paraphrase-multilingual-MiniLM-L12-v2/resolve/main/video_preprocessor_config.json "HTTP/1.1 404 Not Found"
10:01:48 | INFO     | HTTP Request: HEAD https://huggingface.co/sentence-transformers/paraphrase-multilingual-MiniLM-L12-v2/resolve/main/preprocessor_config.json "HTTP/1.1 404 Not Found"
10:01:48 | INFO     | HTTP Request: HEAD https://huggingface.co/sentence-transformers/paraphrase-multilingual-MiniLM-L12-v2/resolve/main/tokenizer_config.json "HTTP/1.1 307 Temporary Redirect"
10:01:48 | INFO     | HTTP Request: HEAD https://huggingface.co/api/resolve-cache/models/sentence-transformers/paraphrase-multilingual-MiniLM-L12-v2/e8f8c211226b894fcb81acc59f3b34ba3efd5f42/tokenizer_config.json "HTTP/1.1 200 OK"
10:01:48 | INFO     | HTTP Request: HEAD https://huggingface.co/sentence-transformers/paraphrase-multilingual-MiniLM-L12-v2/resolve/main/config.json "HTTP/1.1 307 Temporary Redirect"
10:01:48 | INFO     | HTTP Request: HEAD https://huggingface.co/api/resolve-cache/models/sentence-transformers/paraphrase-multilingual-MiniLM-L12-v2/e8f8c211226b894fcb81acc59f3b34ba3efd5f42/config.json "HTTP/1.1 200 OK"
10:01:49 | INFO     | HTTP Request: HEAD https://huggingface.co/sentence-transformers/paraphrase-multilingual-MiniLM-L12-v2/resolve/main/config.json "HTTP/1.1 307 Temporary Redirect"
10:01:49 | INFO     | HTTP Request: HEAD https://huggingface.co/api/resolve-cache/models/sentence-transformers/paraphrase-multilingual-MiniLM-L12-v2/e8f8c211226b894fcb81acc59f3b34ba3efd5f42/config.json "HTTP/1.1 200 OK"
10:01:49 | INFO     | HTTP Request: HEAD https://huggingface.co/sentence-transformers/paraphrase-multilingual-MiniLM-L12-v2/resolve/main/tokenizer_config.json "HTTP/1.1 307 Temporary Redirect"
10:01:49 | INFO     | HTTP Request: HEAD https://huggingface.co/api/resolve-cache/models/sentence-transformers/paraphrase-multilingual-MiniLM-L12-v2/e8f8c211226b894fcb81acc59f3b34ba3efd5f42/tokenizer_config.json "HTTP/1.1 200 OK"
10:01:49 | INFO     | HTTP Request: HEAD https://huggingface.co/sentence-transformers/paraphrase-multilingual-MiniLM-L12-v2/resolve/main/tokenizer_config.json "HTTP/1.1 307 Temporary Redirect"
10:01:49 | INFO     | HTTP Request: HEAD https://huggingface.co/api/resolve-cache/models/sentence-transformers/paraphrase-multilingual-MiniLM-L12-v2/e8f8c211226b894fcb81acc59f3b34ba3efd5f42/tokenizer_config.json "HTTP/1.1 200 OK"
10:01:49 | INFO     | HTTP Request: GET https://huggingface.co/api/models/sentence-transformers/paraphrase-multilingual-MiniLM-L12-v2/tree/main/additional_chat_templates?recursive=false&expand=false "HTTP/1.1 404 Not Found"
10:01:50 | INFO     | HTTP Request: GET https://huggingface.co/api/models/sentence-transformers/paraphrase-multilingual-MiniLM-L12-v2/tree/main?recursive=true&expand=false "HTTP/1.1 200 OK"
10:01:52 | INFO     | HTTP Request: GET https://huggingface.co/api/models/sentence-transformers/paraphrase-multilingual-MiniLM-L12-v2 "HTTP/1.1 200 OK"
10:01:52 | INFO     | HTTP Request: HEAD https://huggingface.co/sentence-transformers/paraphrase-multilingual-MiniLM-L12-v2/resolve/main/1_Pooling/config.json "HTTP/1.1 307 Temporary Redirect"
10:01:52 | INFO     | HTTP Request: HEAD https://huggingface.co/api/resolve-cache/models/sentence-transformers/paraphrase-multilingual-MiniLM-L12-v2/e8f8c211226b894fcb81acc59f3b34ba3efd5f42/1_Pooling%2Fconfig.json "HTTP/1.1 200 OK"
10:01:53 | INFO     | HTTP Request: GET https://huggingface.co/api/models/sentence-transformers/paraphrase-multilingual-MiniLM-L12-v2 "HTTP/1.1 200 OK"
10:01:53 | INFO     | [EMBEDDING] Model siap — dimensi=384
10:01:53 | INFO     | ✅ Embedding model siap: 'paraphrase-multilingual-MiniLM-L12-v2' (dim=384)
10:01:53 | INFO     | 👋 Service shutdown
<<<<<<< HEAD
10:01:55 | INFO     | 🚀 UU AI Assistant v1.0.0 starting...
10:01:56 | INFO     | HTTP Request: GET http://localhost:6333/collections "HTTP/1.1 200 OK"
10:01:56 | INFO     | ✅ Qdrant terhubung: 1 collection(s)
10:01:56 | INFO     | HTTP Request: GET http://localhost:6333 "HTTP/1.1 200 OK"
10:02:05 | INFO     | [EMBEDDING] Memuat model: paraphrase-multilingual-MiniLM-L12-v2 (device=cpu)
10:02:05 | INFO     | HTTP Request: HEAD https://huggingface.co/sentence-transformers/paraphrase-multilingual-MiniLM-L12-v2/resolve/main/modules.json "HTTP/1.1 307 Temporary Redirect"
10:02:05 | WARNING  | Warning: You are sending unauthenticated requests to the HF Hub. Please set a HF_TOKEN to enable higher rate limits and faster downloads.
10:02:05 | INFO     | HTTP Request: HEAD https://huggingface.co/api/resolve-cache/models/sentence-transformers/paraphrase-multilingual-MiniLM-L12-v2/e8f8c211226b894fcb81acc59f3b34ba3efd5f42/modules.json "HTTP/1.1 200 OK"
10:02:05 | INFO     | HTTP Request: HEAD https://huggingface.co/sentence-transformers/paraphrase-multilingual-MiniLM-L12-v2/resolve/main/config_sentence_transformers.json "HTTP/1.1 307 Temporary Redirect"
10:02:05 | INFO     | HTTP Request: HEAD https://huggingface.co/api/resolve-cache/models/sentence-transformers/paraphrase-multilingual-MiniLM-L12-v2/e8f8c211226b894fcb81acc59f3b34ba3efd5f42/config_sentence_transformers.json "HTTP/1.1 200 OK"
10:02:05 | INFO     | Loading SentenceTransformer model from sentence-transformers/paraphrase-multilingual-MiniLM-L12-v2.
10:02:06 | INFO     | HTTP Request: HEAD https://huggingface.co/sentence-transformers/paraphrase-multilingual-MiniLM-L12-v2/resolve/main/config_sentence_transformers.json "HTTP/1.1 307 Temporary Redirect"
10:02:06 | INFO     | HTTP Request: HEAD https://huggingface.co/api/resolve-cache/models/sentence-transformers/paraphrase-multilingual-MiniLM-L12-v2/e8f8c211226b894fcb81acc59f3b34ba3efd5f42/config_sentence_transformers.json "HTTP/1.1 200 OK"
10:02:06 | INFO     | HTTP Request: HEAD https://huggingface.co/sentence-transformers/paraphrase-multilingual-MiniLM-L12-v2/resolve/main/README.md "HTTP/1.1 307 Temporary Redirect"
10:02:06 | INFO     | HTTP Request: HEAD https://huggingface.co/api/resolve-cache/models/sentence-transformers/paraphrase-multilingual-MiniLM-L12-v2/e8f8c211226b894fcb81acc59f3b34ba3efd5f42/README.md "HTTP/1.1 200 OK"
10:02:06 | INFO     | HTTP Request: HEAD https://huggingface.co/sentence-transformers/paraphrase-multilingual-MiniLM-L12-v2/resolve/main/modules.json "HTTP/1.1 307 Temporary Redirect"
10:02:06 | INFO     | HTTP Request: HEAD https://huggingface.co/api/resolve-cache/models/sentence-transformers/paraphrase-multilingual-MiniLM-L12-v2/e8f8c211226b894fcb81acc59f3b34ba3efd5f42/modules.json "HTTP/1.1 200 OK"
10:02:06 | INFO     | HTTP Request: HEAD https://huggingface.co/sentence-transformers/paraphrase-multilingual-MiniLM-L12-v2/resolve/main/sentence_bert_config.json "HTTP/1.1 307 Temporary Redirect"
10:02:07 | INFO     | HTTP Request: HEAD https://huggingface.co/api/resolve-cache/models/sentence-transformers/paraphrase-multilingual-MiniLM-L12-v2/e8f8c211226b894fcb81acc59f3b34ba3efd5f42/sentence_bert_config.json "HTTP/1.1 200 OK"
10:02:07 | INFO     | HTTP Request: HEAD https://huggingface.co/sentence-transformers/paraphrase-multilingual-MiniLM-L12-v2/resolve/main/adapter_config.json "HTTP/1.1 404 Not Found"
10:02:07 | INFO     | HTTP Request: HEAD https://huggingface.co/sentence-transformers/paraphrase-multilingual-MiniLM-L12-v2/resolve/main/config.json "HTTP/1.1 307 Temporary Redirect"
10:02:07 | INFO     | HTTP Request: HEAD https://huggingface.co/api/resolve-cache/models/sentence-transformers/paraphrase-multilingual-MiniLM-L12-v2/e8f8c211226b894fcb81acc59f3b34ba3efd5f42/config.json "HTTP/1.1 200 OK"
10:02:08 | INFO     | HTTP Request: HEAD https://huggingface.co/sentence-transformers/paraphrase-multilingual-MiniLM-L12-v2/resolve/main/processor_config.json "HTTP/1.1 404 Not Found"
10:02:08 | INFO     | HTTP Request: HEAD https://huggingface.co/sentence-transformers/paraphrase-multilingual-MiniLM-L12-v2/resolve/main/preprocessor_config.json "HTTP/1.1 404 Not Found"
10:02:08 | INFO     | HTTP Request: HEAD https://huggingface.co/sentence-transformers/paraphrase-multilingual-MiniLM-L12-v2/resolve/main/video_preprocessor_config.json "HTTP/1.1 404 Not Found"
10:02:08 | INFO     | HTTP Request: HEAD https://huggingface.co/sentence-transformers/paraphrase-multilingual-MiniLM-L12-v2/resolve/main/preprocessor_config.json "HTTP/1.1 404 Not Found"
10:02:09 | INFO     | HTTP Request: HEAD https://huggingface.co/sentence-transformers/paraphrase-multilingual-MiniLM-L12-v2/resolve/main/tokenizer_config.json "HTTP/1.1 307 Temporary Redirect"
10:02:09 | INFO     | HTTP Request: HEAD https://huggingface.co/api/resolve-cache/models/sentence-transformers/paraphrase-multilingual-MiniLM-L12-v2/e8f8c211226b894fcb81acc59f3b34ba3efd5f42/tokenizer_config.json "HTTP/1.1 200 OK"
10:02:09 | INFO     | HTTP Request: HEAD https://huggingface.co/sentence-transformers/paraphrase-multilingual-MiniLM-L12-v2/resolve/main/config.json "HTTP/1.1 307 Temporary Redirect"
10:02:09 | INFO     | HTTP Request: HEAD https://huggingface.co/api/resolve-cache/models/sentence-transformers/paraphrase-multilingual-MiniLM-L12-v2/e8f8c211226b894fcb81acc59f3b34ba3efd5f42/config.json "HTTP/1.1 200 OK"
10:02:09 | INFO     | HTTP Request: HEAD https://huggingface.co/sentence-transformers/paraphrase-multilingual-MiniLM-L12-v2/resolve/main/config.json "HTTP/1.1 307 Temporary Redirect"
10:02:09 | INFO     | HTTP Request: HEAD https://huggingface.co/api/resolve-cache/models/sentence-transformers/paraphrase-multilingual-MiniLM-L12-v2/e8f8c211226b894fcb81acc59f3b34ba3efd5f42/config.json "HTTP/1.1 200 OK"
10:02:10 | INFO     | HTTP Request: HEAD https://huggingface.co/sentence-transformers/paraphrase-multilingual-MiniLM-L12-v2/resolve/main/tokenizer_config.json "HTTP/1.1 307 Temporary Redirect"
10:02:10 | INFO     | HTTP Request: HEAD https://huggingface.co/api/resolve-cache/models/sentence-transformers/paraphrase-multilingual-MiniLM-L12-v2/e8f8c211226b894fcb81acc59f3b34ba3efd5f42/tokenizer_config.json "HTTP/1.1 200 OK"
10:02:10 | INFO     | HTTP Request: HEAD https://huggingface.co/sentence-transformers/paraphrase-multilingual-MiniLM-L12-v2/resolve/main/tokenizer_config.json "HTTP/1.1 307 Temporary Redirect"
10:02:10 | INFO     | HTTP Request: HEAD https://huggingface.co/api/resolve-cache/models/sentence-transformers/paraphrase-multilingual-MiniLM-L12-v2/e8f8c211226b894fcb81acc59f3b34ba3efd5f42/tokenizer_config.json "HTTP/1.1 200 OK"
10:02:10 | INFO     | HTTP Request: GET https://huggingface.co/api/models/sentence-transformers/paraphrase-multilingual-MiniLM-L12-v2/tree/main/additional_chat_templates?recursive=false&expand=false "HTTP/1.1 404 Not Found"
10:02:10 | INFO     | HTTP Request: GET https://huggingface.co/api/models/sentence-transformers/paraphrase-multilingual-MiniLM-L12-v2/tree/main?recursive=true&expand=false "HTTP/1.1 200 OK"
10:02:13 | INFO     | HTTP Request: GET https://huggingface.co/api/models/sentence-transformers/paraphrase-multilingual-MiniLM-L12-v2 "HTTP/1.1 200 OK"
10:02:13 | INFO     | HTTP Request: HEAD https://huggingface.co/sentence-transformers/paraphrase-multilingual-MiniLM-L12-v2/resolve/main/1_Pooling/config.json "HTTP/1.1 307 Temporary Redirect"
10:02:13 | INFO     | HTTP Request: HEAD https://huggingface.co/api/resolve-cache/models/sentence-transformers/paraphrase-multilingual-MiniLM-L12-v2/e8f8c211226b894fcb81acc59f3b34ba3efd5f42/1_Pooling%2Fconfig.json "HTTP/1.1 200 OK"
10:02:13 | INFO     | HTTP Request: GET https://huggingface.co/api/models/sentence-transformers/paraphrase-multilingual-MiniLM-L12-v2 "HTTP/1.1 200 OK"
10:02:13 | INFO     | [EMBEDDING] Model siap — dimensi=384
10:02:13 | INFO     | ✅ Embedding model siap: 'paraphrase-multilingual-MiniLM-L12-v2' (dim=384)
10:10:16 | INFO     | 🚀 UU AI Assistant v1.0.0 starting...
10:10:17 | INFO     | HTTP Request: GET http://localhost:6333/collections "HTTP/1.1 200 OK"
10:10:17 | INFO     | ✅ Qdrant terhubung: 1 collection(s)
10:10:17 | INFO     | HTTP Request: GET http://localhost:6333 "HTTP/1.1 200 OK"
10:10:24 | INFO     | [EMBEDDING] Memuat model: paraphrase-multilingual-MiniLM-L12-v2 (device=cpu)
10:10:25 | INFO     | HTTP Request: HEAD https://huggingface.co/sentence-transformers/paraphrase-multilingual-MiniLM-L12-v2/resolve/main/modules.json "HTTP/1.1 307 Temporary Redirect"
10:10:25 | WARNING  | Warning: You are sending unauthenticated requests to the HF Hub. Please set a HF_TOKEN to enable higher rate limits and faster downloads.
10:10:25 | INFO     | HTTP Request: HEAD https://huggingface.co/api/resolve-cache/models/sentence-transformers/paraphrase-multilingual-MiniLM-L12-v2/e8f8c211226b894fcb81acc59f3b34ba3efd5f42/modules.json "HTTP/1.1 200 OK"
10:10:25 | INFO     | HTTP Request: HEAD https://huggingface.co/sentence-transformers/paraphrase-multilingual-MiniLM-L12-v2/resolve/main/config_sentence_transformers.json "HTTP/1.1 307 Temporary Redirect"
10:10:25 | INFO     | HTTP Request: HEAD https://huggingface.co/api/resolve-cache/models/sentence-transformers/paraphrase-multilingual-MiniLM-L12-v2/e8f8c211226b894fcb81acc59f3b34ba3efd5f42/config_sentence_transformers.json "HTTP/1.1 200 OK"
10:10:25 | INFO     | Loading SentenceTransformer model from sentence-transformers/paraphrase-multilingual-MiniLM-L12-v2.
10:10:25 | INFO     | HTTP Request: HEAD https://huggingface.co/sentence-transformers/paraphrase-multilingual-MiniLM-L12-v2/resolve/main/config_sentence_transformers.json "HTTP/1.1 307 Temporary Redirect"
10:10:25 | INFO     | HTTP Request: HEAD https://huggingface.co/api/resolve-cache/models/sentence-transformers/paraphrase-multilingual-MiniLM-L12-v2/e8f8c211226b894fcb81acc59f3b34ba3efd5f42/config_sentence_transformers.json "HTTP/1.1 200 OK"
10:10:26 | INFO     | HTTP Request: HEAD https://huggingface.co/sentence-transformers/paraphrase-multilingual-MiniLM-L12-v2/resolve/main/README.md "HTTP/1.1 307 Temporary Redirect"
10:10:26 | INFO     | HTTP Request: HEAD https://huggingface.co/api/resolve-cache/models/sentence-transformers/paraphrase-multilingual-MiniLM-L12-v2/e8f8c211226b894fcb81acc59f3b34ba3efd5f42/README.md "HTTP/1.1 200 OK"
10:10:26 | INFO     | HTTP Request: HEAD https://huggingface.co/sentence-transformers/paraphrase-multilingual-MiniLM-L12-v2/resolve/main/modules.json "HTTP/1.1 307 Temporary Redirect"
10:10:26 | INFO     | HTTP Request: HEAD https://huggingface.co/api/resolve-cache/models/sentence-transformers/paraphrase-multilingual-MiniLM-L12-v2/e8f8c211226b894fcb81acc59f3b34ba3efd5f42/modules.json "HTTP/1.1 200 OK"
10:10:26 | INFO     | HTTP Request: HEAD https://huggingface.co/sentence-transformers/paraphrase-multilingual-MiniLM-L12-v2/resolve/main/sentence_bert_config.json "HTTP/1.1 307 Temporary Redirect"
10:10:26 | INFO     | HTTP Request: HEAD https://huggingface.co/api/resolve-cache/models/sentence-transformers/paraphrase-multilingual-MiniLM-L12-v2/e8f8c211226b894fcb81acc59f3b34ba3efd5f42/sentence_bert_config.json "HTTP/1.1 200 OK"
10:10:26 | INFO     | HTTP Request: HEAD https://huggingface.co/sentence-transformers/paraphrase-multilingual-MiniLM-L12-v2/resolve/main/adapter_config.json "HTTP/1.1 404 Not Found"
10:10:27 | INFO     | HTTP Request: HEAD https://huggingface.co/sentence-transformers/paraphrase-multilingual-MiniLM-L12-v2/resolve/main/config.json "HTTP/1.1 307 Temporary Redirect"
10:10:27 | INFO     | HTTP Request: HEAD https://huggingface.co/api/resolve-cache/models/sentence-transformers/paraphrase-multilingual-MiniLM-L12-v2/e8f8c211226b894fcb81acc59f3b34ba3efd5f42/config.json "HTTP/1.1 200 OK"
10:10:27 | INFO     | HTTP Request: HEAD https://huggingface.co/sentence-transformers/paraphrase-multilingual-MiniLM-L12-v2/resolve/main/processor_config.json "HTTP/1.1 404 Not Found"
10:10:28 | INFO     | HTTP Request: HEAD https://huggingface.co/sentence-transformers/paraphrase-multilingual-MiniLM-L12-v2/resolve/main/preprocessor_config.json "HTTP/1.1 404 Not Found"
10:10:28 | INFO     | HTTP Request: HEAD https://huggingface.co/sentence-transformers/paraphrase-multilingual-MiniLM-L12-v2/resolve/main/video_preprocessor_config.json "HTTP/1.1 404 Not Found"
10:10:28 | INFO     | HTTP Request: HEAD https://huggingface.co/sentence-transformers/paraphrase-multilingual-MiniLM-L12-v2/resolve/main/preprocessor_config.json "HTTP/1.1 404 Not Found"
10:10:28 | INFO     | HTTP Request: HEAD https://huggingface.co/sentence-transformers/paraphrase-multilingual-MiniLM-L12-v2/resolve/main/tokenizer_config.json "HTTP/1.1 307 Temporary Redirect"
10:10:28 | INFO     | HTTP Request: HEAD https://huggingface.co/api/resolve-cache/models/sentence-transformers/paraphrase-multilingual-MiniLM-L12-v2/e8f8c211226b894fcb81acc59f3b34ba3efd5f42/tokenizer_config.json "HTTP/1.1 200 OK"
10:10:29 | INFO     | HTTP Request: HEAD https://huggingface.co/sentence-transformers/paraphrase-multilingual-MiniLM-L12-v2/resolve/main/config.json "HTTP/1.1 307 Temporary Redirect"
10:10:29 | INFO     | HTTP Request: HEAD https://huggingface.co/api/resolve-cache/models/sentence-transformers/paraphrase-multilingual-MiniLM-L12-v2/e8f8c211226b894fcb81acc59f3b34ba3efd5f42/config.json "HTTP/1.1 200 OK"
10:10:29 | INFO     | HTTP Request: HEAD https://huggingface.co/sentence-transformers/paraphrase-multilingual-MiniLM-L12-v2/resolve/main/config.json "HTTP/1.1 307 Temporary Redirect"
10:10:29 | INFO     | HTTP Request: HEAD https://huggingface.co/api/resolve-cache/models/sentence-transformers/paraphrase-multilingual-MiniLM-L12-v2/e8f8c211226b894fcb81acc59f3b34ba3efd5f42/config.json "HTTP/1.1 200 OK"
10:10:29 | INFO     | HTTP Request: HEAD https://huggingface.co/sentence-transformers/paraphrase-multilingual-MiniLM-L12-v2/resolve/main/tokenizer_config.json "HTTP/1.1 307 Temporary Redirect"
10:10:29 | INFO     | HTTP Request: HEAD https://huggingface.co/api/resolve-cache/models/sentence-transformers/paraphrase-multilingual-MiniLM-L12-v2/e8f8c211226b894fcb81acc59f3b34ba3efd5f42/tokenizer_config.json "HTTP/1.1 200 OK"
10:10:29 | INFO     | HTTP Request: HEAD https://huggingface.co/sentence-transformers/paraphrase-multilingual-MiniLM-L12-v2/resolve/main/tokenizer_config.json "HTTP/1.1 307 Temporary Redirect"
10:10:29 | INFO     | HTTP Request: HEAD https://huggingface.co/api/resolve-cache/models/sentence-transformers/paraphrase-multilingual-MiniLM-L12-v2/e8f8c211226b894fcb81acc59f3b34ba3efd5f42/tokenizer_config.json "HTTP/1.1 200 OK"
10:10:30 | INFO     | HTTP Request: GET https://huggingface.co/api/models/sentence-transformers/paraphrase-multilingual-MiniLM-L12-v2/tree/main/additional_chat_templates?recursive=false&expand=false "HTTP/1.1 404 Not Found"
10:10:30 | INFO     | HTTP Request: GET https://huggingface.co/api/models/sentence-transformers/paraphrase-multilingual-MiniLM-L12-v2/tree/main?recursive=true&expand=false "HTTP/1.1 200 OK"
10:10:32 | INFO     | HTTP Request: GET https://huggingface.co/api/models/sentence-transformers/paraphrase-multilingual-MiniLM-L12-v2 "HTTP/1.1 200 OK"
10:10:32 | INFO     | HTTP Request: HEAD https://huggingface.co/sentence-transformers/paraphrase-multilingual-MiniLM-L12-v2/resolve/main/1_Pooling/config.json "HTTP/1.1 307 Temporary Redirect"
10:10:32 | INFO     | HTTP Request: HEAD https://huggingface.co/api/resolve-cache/models/sentence-transformers/paraphrase-multilingual-MiniLM-L12-v2/e8f8c211226b894fcb81acc59f3b34ba3efd5f42/1_Pooling%2Fconfig.json "HTTP/1.1 200 OK"
10:10:33 | INFO     | HTTP Request: GET https://huggingface.co/api/models/sentence-transformers/paraphrase-multilingual-MiniLM-L12-v2 "HTTP/1.1 200 OK"
10:10:33 | INFO     | [EMBEDDING] Model siap — dimensi=384
10:10:33 | INFO     | ✅ Embedding model siap: 'paraphrase-multilingual-MiniLM-L12-v2' (dim=384)
10:16:53 | INFO     | 👋 Service shutdown
=======
>>>>>>> 2a97b06 (feat : add cleaning,chunking, embedding, qdrant service)
10:21:40 | INFO     | 🚀 UU AI Assistant v1.0.0 starting...
10:21:42 | INFO     | HTTP Request: GET http://localhost:6333/collections "HTTP/1.1 200 OK"
10:21:42 | INFO     | ✅ Qdrant terhubung: 1 collection(s)
10:21:42 | INFO     | HTTP Request: GET http://localhost:6333 "HTTP/1.1 200 OK"
10:21:49 | INFO     | [EMBEDDING] Memuat model: paraphrase-multilingual-MiniLM-L12-v2 (device=cpu)
10:21:49 | INFO     | HTTP Request: HEAD https://huggingface.co/sentence-transformers/paraphrase-multilingual-MiniLM-L12-v2/resolve/main/modules.json "HTTP/1.1 307 Temporary Redirect"
10:21:49 | INFO     | HTTP Request: HEAD https://huggingface.co/api/resolve-cache/models/sentence-transformers/paraphrase-multilingual-MiniLM-L12-v2/e8f8c211226b894fcb81acc59f3b34ba3efd5f42/modules.json "HTTP/1.1 200 OK"
10:21:49 | INFO     | HTTP Request: HEAD https://huggingface.co/sentence-transformers/paraphrase-multilingual-MiniLM-L12-v2/resolve/main/config_sentence_transformers.json "HTTP/1.1 307 Temporary Redirect"
10:21:49 | INFO     | HTTP Request: HEAD https://huggingface.co/api/resolve-cache/models/sentence-transformers/paraphrase-multilingual-MiniLM-L12-v2/e8f8c211226b894fcb81acc59f3b34ba3efd5f42/config_sentence_transformers.json "HTTP/1.1 200 OK"
10:21:49 | INFO     | Loading SentenceTransformer model from sentence-transformers/paraphrase-multilingual-MiniLM-L12-v2.
10:21:50 | INFO     | HTTP Request: HEAD https://huggingface.co/sentence-transformers/paraphrase-multilingual-MiniLM-L12-v2/resolve/main/config_sentence_transformers.json "HTTP/1.1 307 Temporary Redirect"
10:21:50 | WARNING  | Warning: You are sending unauthenticated requests to the HF Hub. Please set a HF_TOKEN to enable higher rate limits and faster downloads.
10:21:50 | INFO     | HTTP Request: HEAD https://huggingface.co/api/resolve-cache/models/sentence-transformers/paraphrase-multilingual-MiniLM-L12-v2/e8f8c211226b894fcb81acc59f3b34ba3efd5f42/config_sentence_transformers.json "HTTP/1.1 200 OK"
10:21:50 | INFO     | HTTP Request: HEAD https://huggingface.co/sentence-transformers/paraphrase-multilingual-MiniLM-L12-v2/resolve/main/README.md "HTTP/1.1 307 Temporary Redirect"
10:21:50 | INFO     | HTTP Request: HEAD https://huggingface.co/api/resolve-cache/models/sentence-transformers/paraphrase-multilingual-MiniLM-L12-v2/e8f8c211226b894fcb81acc59f3b34ba3efd5f42/README.md "HTTP/1.1 200 OK"
10:21:50 | INFO     | HTTP Request: HEAD https://huggingface.co/sentence-transformers/paraphrase-multilingual-MiniLM-L12-v2/resolve/main/modules.json "HTTP/1.1 307 Temporary Redirect"
10:21:50 | INFO     | HTTP Request: HEAD https://huggingface.co/api/resolve-cache/models/sentence-transformers/paraphrase-multilingual-MiniLM-L12-v2/e8f8c211226b894fcb81acc59f3b34ba3efd5f42/modules.json "HTTP/1.1 200 OK"
10:21:50 | INFO     | HTTP Request: HEAD https://huggingface.co/sentence-transformers/paraphrase-multilingual-MiniLM-L12-v2/resolve/main/sentence_bert_config.json "HTTP/1.1 307 Temporary Redirect"
10:21:50 | INFO     | HTTP Request: HEAD https://huggingface.co/api/resolve-cache/models/sentence-transformers/paraphrase-multilingual-MiniLM-L12-v2/e8f8c211226b894fcb81acc59f3b34ba3efd5f42/sentence_bert_config.json "HTTP/1.1 200 OK"
10:21:51 | INFO     | HTTP Request: HEAD https://huggingface.co/sentence-transformers/paraphrase-multilingual-MiniLM-L12-v2/resolve/main/adapter_config.json "HTTP/1.1 404 Not Found"
10:21:51 | INFO     | HTTP Request: HEAD https://huggingface.co/sentence-transformers/paraphrase-multilingual-MiniLM-L12-v2/resolve/main/config.json "HTTP/1.1 307 Temporary Redirect"
10:21:51 | INFO     | HTTP Request: HEAD https://huggingface.co/api/resolve-cache/models/sentence-transformers/paraphrase-multilingual-MiniLM-L12-v2/e8f8c211226b894fcb81acc59f3b34ba3efd5f42/config.json "HTTP/1.1 200 OK"
10:21:51 | INFO     | HTTP Request: HEAD https://huggingface.co/sentence-transformers/paraphrase-multilingual-MiniLM-L12-v2/resolve/main/processor_config.json "HTTP/1.1 404 Not Found"
10:21:52 | INFO     | HTTP Request: HEAD https://huggingface.co/sentence-transformers/paraphrase-multilingual-MiniLM-L12-v2/resolve/main/preprocessor_config.json "HTTP/1.1 404 Not Found"
10:21:52 | INFO     | HTTP Request: HEAD https://huggingface.co/sentence-transformers/paraphrase-multilingual-MiniLM-L12-v2/resolve/main/video_preprocessor_config.json "HTTP/1.1 404 Not Found"
10:21:52 | INFO     | HTTP Request: HEAD https://huggingface.co/sentence-transformers/paraphrase-multilingual-MiniLM-L12-v2/resolve/main/preprocessor_config.json "HTTP/1.1 404 Not Found"
10:21:53 | INFO     | HTTP Request: HEAD https://huggingface.co/sentence-transformers/paraphrase-multilingual-MiniLM-L12-v2/resolve/main/tokenizer_config.json "HTTP/1.1 307 Temporary Redirect"
10:21:53 | INFO     | HTTP Request: HEAD https://huggingface.co/api/resolve-cache/models/sentence-transformers/paraphrase-multilingual-MiniLM-L12-v2/e8f8c211226b894fcb81acc59f3b34ba3efd5f42/tokenizer_config.json "HTTP/1.1 200 OK"
10:21:53 | INFO     | HTTP Request: HEAD https://huggingface.co/sentence-transformers/paraphrase-multilingual-MiniLM-L12-v2/resolve/main/config.json "HTTP/1.1 307 Temporary Redirect"
10:21:53 | INFO     | HTTP Request: HEAD https://huggingface.co/api/resolve-cache/models/sentence-transformers/paraphrase-multilingual-MiniLM-L12-v2/e8f8c211226b894fcb81acc59f3b34ba3efd5f42/config.json "HTTP/1.1 200 OK"
10:21:53 | INFO     | HTTP Request: HEAD https://huggingface.co/sentence-transformers/paraphrase-multilingual-MiniLM-L12-v2/resolve/main/config.json "HTTP/1.1 307 Temporary Redirect"
10:21:53 | INFO     | HTTP Request: HEAD https://huggingface.co/api/resolve-cache/models/sentence-transformers/paraphrase-multilingual-MiniLM-L12-v2/e8f8c211226b894fcb81acc59f3b34ba3efd5f42/config.json "HTTP/1.1 200 OK"
10:21:53 | INFO     | HTTP Request: HEAD https://huggingface.co/sentence-transformers/paraphrase-multilingual-MiniLM-L12-v2/resolve/main/tokenizer_config.json "HTTP/1.1 307 Temporary Redirect"
10:21:53 | INFO     | HTTP Request: HEAD https://huggingface.co/api/resolve-cache/models/sentence-transformers/paraphrase-multilingual-MiniLM-L12-v2/e8f8c211226b894fcb81acc59f3b34ba3efd5f42/tokenizer_config.json "HTTP/1.1 200 OK"
10:21:54 | INFO     | HTTP Request: HEAD https://huggingface.co/sentence-transformers/paraphrase-multilingual-MiniLM-L12-v2/resolve/main/tokenizer_config.json "HTTP/1.1 307 Temporary Redirect"
10:21:54 | INFO     | HTTP Request: HEAD https://huggingface.co/api/resolve-cache/models/sentence-transformers/paraphrase-multilingual-MiniLM-L12-v2/e8f8c211226b894fcb81acc59f3b34ba3efd5f42/tokenizer_config.json "HTTP/1.1 200 OK"
10:21:54 | INFO     | HTTP Request: GET https://huggingface.co/api/models/sentence-transformers/paraphrase-multilingual-MiniLM-L12-v2/tree/main/additional_chat_templates?recursive=false&expand=false "HTTP/1.1 404 Not Found"
10:21:54 | INFO     | HTTP Request: GET https://huggingface.co/api/models/sentence-transformers/paraphrase-multilingual-MiniLM-L12-v2/tree/main?recursive=true&expand=false "HTTP/1.1 200 OK"
10:21:56 | INFO     | HTTP Request: GET https://huggingface.co/api/models/sentence-transformers/paraphrase-multilingual-MiniLM-L12-v2 "HTTP/1.1 200 OK"
10:21:56 | INFO     | HTTP Request: HEAD https://huggingface.co/sentence-transformers/paraphrase-multilingual-MiniLM-L12-v2/resolve/main/1_Pooling/config.json "HTTP/1.1 307 Temporary Redirect"
10:21:56 | INFO     | HTTP Request: HEAD https://huggingface.co/api/resolve-cache/models/sentence-transformers/paraphrase-multilingual-MiniLM-L12-v2/e8f8c211226b894fcb81acc59f3b34ba3efd5f42/1_Pooling%2Fconfig.json "HTTP/1.1 200 OK"
10:21:56 | INFO     | HTTP Request: GET https://huggingface.co/api/models/sentence-transformers/paraphrase-multilingual-MiniLM-L12-v2 "HTTP/1.1 200 OK"
10:21:56 | INFO     | [EMBEDDING] Model siap — dimensi=384
10:21:57 | INFO     | ✅ Embedding model siap: 'paraphrase-multilingual-MiniLM-L12-v2' (dim=384)
2026-05-23 21:15:06.326 | INFO     | app.main:startup:96 - 🚀 UU AI Assistant v1.0.0 starting...
2026-05-23 21:15:08.621 | SUCCESS  | app.main:startup:103 - ✅ Qdrant terhubung: {'status': 'ok', 'host': 'localhost', 'port': 6333, 'collections': 1, 'collection_names': ['uu_chunks']}
2026-05-23 21:21:47.539 | INFO     | app.main:shutdown:110 - 👋 Service shutdown
2026-05-23 21:21:48.641 | INFO     | app.main:startup:96 - 🚀 UU AI Assistant v1.0.0 starting...
2026-05-23 21:21:49.568 | SUCCESS  | app.main:startup:103 - ✅ Qdrant terhubung: {'status': 'ok', 'host': 'localhost', 'port': 6333, 'collections': 1, 'collection_names': ['uu_chunks']}
2026-05-23 21:26:06.059 | INFO     | app.main:shutdown:110 - 👋 Service shutdown
2026-05-23 21:26:07.052 | INFO     | app.main:startup:96 - 🚀 UU AI Assistant v1.0.0 starting...
2026-05-23 21:26:07.918 | SUCCESS  | app.main:startup:103 - ✅ Qdrant terhubung: {'status': 'ok', 'host': 'localhost', 'port': 6333, 'collections': 1, 'collection_names': ['uu_chunks']}
2026-05-23 21:26:24.543 | INFO     | app.main:shutdown:110 - 👋 Service shutdown
2026-05-23 21:26:25.470 | INFO     | app.main:startup:96 - 🚀 UU AI Assistant v1.0.0 starting...
2026-05-23 21:26:26.409 | SUCCESS  | app.main:startup:103 - ✅ Qdrant terhubung: {'status': 'ok', 'host': 'localhost', 'port': 6333, 'collections': 1, 'collection_names': ['uu_chunks']}
2026-05-23 21:33:48.852 | INFO     | app.main:shutdown:110 - 👋 Service shutdown
2026-05-23 21:33:49.818 | INFO     | app.main:startup:96 - 🚀 UU AI Assistant v1.0.0 starting...
2026-05-23 21:33:50.697 | SUCCESS  | app.main:startup:103 - ✅ Qdrant terhubung: {'status': 'ok', 'host': 'localhost', 'port': 6333, 'collections': 1, 'collection_names': ['uu_chunks']}
2026-05-23 21:41:17.767 | INFO     | app.main:startup:96 - 🚀 UU AI Assistant v1.0.0 starting...
2026-05-23 21:41:18.710 | SUCCESS  | app.main:startup:103 - ✅ Qdrant terhubung: {'status': 'ok', 'host': 'localhost', 'port': 6333, 'collections': 1, 'collection_names': ['uu_chunks']}
2026-05-23 21:42:32.421 | INFO     | app.main:shutdown:110 - 👋 Service shutdown
2026-05-23 21:42:33.394 | INFO     | app.main:startup:96 - 🚀 UU AI Assistant v1.0.0 starting...
2026-05-23 21:42:34.331 | SUCCESS  | app.main:startup:103 - ✅ Qdrant terhubung: {'status': 'ok', 'host': 'localhost', 'port': 6333, 'collections': 1, 'collection_names': ['uu_chunks']}
2026-05-23 22:05:50.568 | INFO     | app.main:shutdown:110 - 👋 Service shutdown
2026-05-23 22:05:51.961 | INFO     | app.main:startup:96 - 🚀 UU AI Assistant v1.0.0 starting...
2026-05-23 22:05:52.992 | SUCCESS  | app.main:startup:103 - ✅ Qdrant terhubung: {'status': 'ok', 'host': 'localhost', 'port': 6333, 'collections': 1, 'collection_names': ['uu_chunks']}
2026-05-23 22:06:21.572 | INFO     | app.main:shutdown:110 - 👋 Service shutdown
2026-05-23 22:06:22.555 | INFO     | app.main:startup:96 - 🚀 UU AI Assistant v1.0.0 starting...
2026-05-23 22:06:23.457 | SUCCESS  | app.main:startup:103 - ✅ Qdrant terhubung: {'status': 'ok', 'host': 'localhost', 'port': 6333, 'collections': 1, 'collection_names': ['uu_chunks']}
2026-05-23 22:06:35.752 | INFO     | app.main:shutdown:110 - 👋 Service shutdown
2026-05-23 22:06:36.702 | INFO     | app.main:startup:96 - 🚀 UU AI Assistant v1.0.0 starting...
2026-05-23 22:06:37.615 | SUCCESS  | app.main:startup:103 - ✅ Qdrant terhubung: {'status': 'ok', 'host': 'localhost', 'port': 6333, 'collections': 1, 'collection_names': ['uu_chunks']}
2026-05-23 22:14:46.199 | INFO     | app.main:shutdown:110 - 👋 Service shutdown
2026-05-23 22:14:49.597 | INFO     | app.main:startup:96 - 🚀 UU AI Assistant v1.0.0 starting...
2026-05-23 22:14:50.514 | SUCCESS  | app.main:startup:103 - ✅ Qdrant terhubung: {'status': 'ok', 'host': 'localhost', 'port': 6333, 'collections': 1, 'collection_names': ['uu_chunks']}
2026-05-23 22:21:33.262 | INFO     | app.main:shutdown:110 - 👋 Service shutdown
2026-05-23 22:21:36.710 | INFO     | app.main:startup:96 - 🚀 UU AI Assistant v1.0.0 starting...
2026-05-23 22:21:37.560 | SUCCESS  | app.main:startup:103 - ✅ Qdrant terhubung: {'status': 'ok', 'host': 'localhost', 'port': 6333, 'collections': 1, 'collection_names': ['uu_chunks']}
2026-05-23 22:42:18.057 | INFO     | app.main:shutdown:110 - 👋 Service shutdown
2026-05-23 22:42:21.311 | INFO     | app.main:startup:96 - 🚀 UU AI Assistant v1.0.0 starting...
2026-05-23 22:42:22.187 | SUCCESS  | app.main:startup:103 - ✅ Qdrant terhubung: {'status': 'ok', 'host': 'localhost', 'port': 6333, 'collections': 1, 'collection_names': ['uu_chunks']}
2026-05-23 22:42:22.302 | INFO     | app.main:shutdown:110 - 👋 Service shutdown
2026-05-23 22:42:31.048 | INFO     | app.main:startup:96 - 🚀 UU AI Assistant v1.0.0 starting...
2026-05-23 22:42:31.862 | SUCCESS  | app.main:startup:103 - ✅ Qdrant terhubung: {'status': 'ok', 'host': 'localhost', 'port': 6333, 'collections': 1, 'collection_names': ['uu_chunks']}
2026-05-24 06:02:54.938 | INFO     | app.main:startup:96 - 🚀 UU AI Assistant v1.0.0 starting...
2026-05-24 06:02:57.385 | SUCCESS  | app.main:startup:103 - ✅ Qdrant terhubung: {'status': 'ok', 'host': 'localhost', 'port': 6333, 'collections': 1, 'collection_names': ['uu_chunks']}
2026-05-24 06:04:58.112 | INFO     | app.main:shutdown:110 - 👋 Service shutdown
2026-05-24 06:04:59.470 | INFO     | app.main:startup:96 - 🚀 UU AI Assistant v1.0.0 starting...
2026-05-24 06:05:00.754 | SUCCESS  | app.main:startup:103 - ✅ Qdrant terhubung: {'status': 'ok', 'host': 'localhost', 'port': 6333, 'collections': 1, 'collection_names': ['uu_chunks']}
2026-05-24 06:41:23.017 | INFO     | app.main:startup:96 - 🚀 UU AI Assistant v1.0.0 starting...
2026-05-24 06:41:24.382 | SUCCESS  | app.main:startup:103 - ✅ Qdrant terhubung: {'status': 'ok', 'host': 'localhost', 'port': 6333, 'collections': 1, 'collection_names': ['uu_chunks']}
2026-05-24 06:45:32.784 | INFO     | app.main:shutdown:110 - 👋 Service shutdown
2026-05-24 06:45:57.986 | INFO     | app.main:shutdown:110 - 👋 Service shutdown
2026-05-24 06:47:25.896 | INFO     | app.main:startup:96 - 🚀 UU AI Assistant v1.0.0 starting...
2026-05-24 06:47:26.661 | INFO     | app.main:startup:96 - 🚀 UU AI Assistant v1.0.0 starting...
2026-05-24 06:47:27.538 | SUCCESS  | app.main:startup:103 - ✅ Qdrant terhubung: {'status': 'ok', 'host': 'localhost', 'port': 6333, 'collections': 1, 'collection_names': ['uu_chunks']}
2026-05-24 06:47:28.053 | SUCCESS  | app.main:startup:103 - ✅ Qdrant terhubung: {'status': 'ok', 'host': 'localhost', 'port': 6333, 'collections': 1, 'collection_names': ['uu_chunks']}
2026-05-24 06:54:45.882 | INFO     | app.main:startup:96 - 🚀 UU AI Assistant v1.0.0 starting...
2026-05-24 06:54:47.205 | SUCCESS  | app.main:startup:103 - ✅ Qdrant terhubung: {'status': 'ok', 'host': 'localhost', 'port': 6333, 'collections': 1, 'collection_names': ['uu_chunks']}
2026-05-24 06:55:37.853 | INFO     | app.main:shutdown:110 - 👋 Service shutdown
2026-05-24 06:55:38.965 | INFO     | app.main:startup:96 - 🚀 UU AI Assistant v1.0.0 starting...
2026-05-24 06:55:40.083 | SUCCESS  | app.main:startup:103 - ✅ Qdrant terhubung: {'status': 'ok', 'host': 'localhost', 'port': 6333, 'collections': 1, 'collection_names': ['uu_chunks']}
